Archive member included to satisfy reference by file (symbol)

c:/program files (x86)/arm gnu toolchain arm-none-eabi/12.2 mpacbti-rel1/bin/../lib/gcc/arm-none-eabi/12.2.1/thumb/v6-m/nofp\libgcc.a(_dvmd_tls.o)
                              CMakeFiles/hero_arise_adiy_rp2040.dir/D_/pico-sdk/src/rp2_common/pico_divider/divider_hardware.S.obj (__aeabi_idiv0)
c:/program files (x86)/arm gnu toolchain arm-none-eabi/12.2 mpacbti-rel1/bin/../lib/gcc/arm-none-eabi/12.2.1/thumb/v6-m/nofp\libg.a(libc_a-calloc.o)
                              CMakeFiles/hero_arise_adiy_rp2040.dir/D_/pico-sdk/src/rp2_common/pico_malloc/malloc.c.obj (calloc)
c:/program files (x86)/arm gnu toolchain arm-none-eabi/12.2 mpacbti-rel1/bin/../lib/gcc/arm-none-eabi/12.2.1/thumb/v6-m/nofp\libg.a(libc_a-callocr.o)
                              c:/program files (x86)/arm gnu toolchain arm-none-eabi/12.2 mpacbti-rel1/bin/../lib/gcc/arm-none-eabi/12.2.1/thumb/v6-m/nofp\libg.a(libc_a-calloc.o) (_calloc_r)
c:/program files (x86)/arm gnu toolchain arm-none-eabi/12.2 mpacbti-rel1/bin/../lib/gcc/arm-none-eabi/12.2.1/thumb/v6-m/nofp\libg.a(libc_a-malloc.o)
                              CMakeFiles/hero_arise_adiy_rp2040.dir/D_/pico-sdk/src/rp2_common/pico_malloc/malloc.c.obj (malloc)
c:/program files (x86)/arm gnu toolchain arm-none-eabi/12.2 mpacbti-rel1/bin/../lib/gcc/arm-none-eabi/12.2.1/thumb/v6-m/nofp\libg.a(libc_a-mallocr.o)
                              c:/program files (x86)/arm gnu toolchain arm-none-eabi/12.2 mpacbti-rel1/bin/../lib/gcc/arm-none-eabi/12.2.1/thumb/v6-m/nofp\libg.a(libc_a-callocr.o) (_malloc_r)
c:/program files (x86)/arm gnu toolchain arm-none-eabi/12.2 mpacbti-rel1/bin/../lib/gcc/arm-none-eabi/12.2.1/thumb/v6-m/nofp\libg.a(libc_a-mlock.o)
                              c:/program files (x86)/arm gnu toolchain arm-none-eabi/12.2 mpacbti-rel1/bin/../lib/gcc/arm-none-eabi/12.2.1/thumb/v6-m/nofp\libg.a(libc_a-mallocr.o) (__malloc_lock)
c:/program files (x86)/arm gnu toolchain arm-none-eabi/12.2 mpacbti-rel1/bin/../lib/gcc/arm-none-eabi/12.2.1/thumb/v6-m/nofp\libg.a(libc_a-realloc.o)
                              CMakeFiles/hero_arise_adiy_rp2040.dir/D_/pico-sdk/src/rp2_common/pico_malloc/malloc.c.obj (realloc)
c:/program files (x86)/arm gnu toolchain arm-none-eabi/12.2 mpacbti-rel1/bin/../lib/gcc/arm-none-eabi/12.2.1/thumb/v6-m/nofp\libg.a(libc_a-reallocr.o)
                              c:/program files (x86)/arm gnu toolchain arm-none-eabi/12.2 mpacbti-rel1/bin/../lib/gcc/arm-none-eabi/12.2.1/thumb/v6-m/nofp\libg.a(libc_a-realloc.o) (_realloc_r)
c:/program files (x86)/arm gnu toolchain arm-none-eabi/12.2 mpacbti-rel1/bin/../lib/gcc/arm-none-eabi/12.2.1/thumb/v6-m/nofp\libg.a(libc_a-memcmp.o)
                              CMakeFiles/hero_arise_adiy_rp2040.dir/D_/pico-sdk/src/rp2_common/pico_atomic/atomic.c.obj (memcmp)
c:/program files (x86)/arm gnu toolchain arm-none-eabi/12.2 mpacbti-rel1/bin/../lib/gcc/arm-none-eabi/12.2.1/thumb/v6-m/nofp\libg.a(libc_a-memmove.o)
                              c:/program files (x86)/arm gnu toolchain arm-none-eabi/12.2 mpacbti-rel1/bin/../lib/gcc/arm-none-eabi/12.2.1/thumb/v6-m/nofp\libg.a(libc_a-reallocr.o) (memmove)
c:/program files (x86)/arm gnu toolchain arm-none-eabi/12.2 mpacbti-rel1/bin/../lib/gcc/arm-none-eabi/12.2.1/thumb/v6-m/nofp\libg.a(libc_a-lcltime_r.o)
                              CMakeFiles/hero_arise_adiy_rp2040.dir/D_/pico-sdk/src/common/pico_util/datetime.c.obj (localtime_r)
c:/program files (x86)/arm gnu toolchain arm-none-eabi/12.2 mpacbti-rel1/bin/../lib/gcc/arm-none-eabi/12.2.1/thumb/v6-m/nofp\libg.a(libc_a-mktime.o)
                              CMakeFiles/hero_arise_adiy_rp2040.dir/D_/pico-sdk/src/common/pico_util/datetime.c.obj (mktime)
c:/program files (x86)/arm gnu toolchain arm-none-eabi/12.2 mpacbti-rel1/bin/../lib/gcc/arm-none-eabi/12.2.1/thumb/v6-m/nofp\libg.a(libc_a-month_lengths.o)
                              c:/program files (x86)/arm gnu toolchain arm-none-eabi/12.2 mpacbti-rel1/bin/../lib/gcc/arm-none-eabi/12.2.1/thumb/v6-m/nofp\libg.a(libc_a-lcltime_r.o) (__month_lengths)
c:/program files (x86)/arm gnu toolchain arm-none-eabi/12.2 mpacbti-rel1/bin/../lib/gcc/arm-none-eabi/12.2.1/thumb/v6-m/nofp\libg.a(libc_a-tzcalc_limits.o)
                              c:/program files (x86)/arm gnu toolchain arm-none-eabi/12.2 mpacbti-rel1/bin/../lib/gcc/arm-none-eabi/12.2.1/thumb/v6-m/nofp\libg.a(libc_a-lcltime_r.o) (__tzcalc_limits)
c:/program files (x86)/arm gnu toolchain arm-none-eabi/12.2 mpacbti-rel1/bin/../lib/gcc/arm-none-eabi/12.2.1/thumb/v6-m/nofp\libg.a(libc_a-tzlock.o)
                              c:/program files (x86)/arm gnu toolchain arm-none-eabi/12.2 mpacbti-rel1/bin/../lib/gcc/arm-none-eabi/12.2.1/thumb/v6-m/nofp\libg.a(libc_a-lcltime_r.o) (__tz_lock)
c:/program files (x86)/arm gnu toolchain arm-none-eabi/12.2 mpacbti-rel1/bin/../lib/gcc/arm-none-eabi/12.2.1/thumb/v6-m/nofp\libg.a(libc_a-tzset.o)
[...]
Memory Configuration

Name             Origin             Length             Attributes
FLASH            0x10000000         0x00200000         xr
XIP_RAM          0x15000000         0x00004000         xrw
RAM              0x20000000         0x00040000         xrw
SCRATCH_X        0x20040000         0x00001000         xrw
SCRATCH_Y        0x20041000         0x00001000         xrw
*default*        0x00000000         0xffffffff

Linker script and memory map

                0x20000000                        RAM_ORIGIN_DEFAULT = 0x20000000
                0x00040000                        RAM_LENGTH_DEFAULT = 0x40000
                0x20040000                        SCRATCH_X_ORIGIN_DEFAULT = 0x20040000
                0x00001000                        SCRATCH_X_LENGTH_DEFAULT = 0x1000
                0x20041000                        SCRATCH_Y_ORIGIN_DEFAULT = 0x20041000
                0x00001000                        SCRATCH_Y_LENGTH_DEFAULT = 0x1000
                0x15000000                        XIP_RAM_ORIGIN_DEFAULT = 0x15000000
                0x00004000                        XIP_RAM_LENGTH_DEFAULT = 0x4000
LOAD CMakeFiles/hero_arise_adiy_rp2040.dir/src/main.cpp.obj
LOAD CMakeFiles/hero_arise_adiy_rp2040.dir/src/audio_capture.cpp.obj
LOAD CMakeFiles/hero_arise_adiy_rp2040.dir/src/mfe.cpp.obj
LOAD CMakeFiles/hero_arise_adiy_rp2040.dir/src/model_runner.cpp.obj
LOAD CMakeFiles/hero_arise_adiy_rp2040.dir/src/decision.cpp.obj
LOAD CMakeFiles/hero_arise_adiy_rp2040.dir/D_/pico-sdk/src/rp2_common/pico_stdlib/stdlib.c.obj
LOAD CMakeFiles/hero_arise_adiy_rp2040.dir/D_/pico-sdk/src/rp2_common/hardware_gpio/gpio.c.obj
LOAD CMakeFiles/hero_arise_adiy_rp2040.dir/D_/pico-sdk/src/rp2040/pico_platform/platform.c.obj
LOAD CMakeFiles/hero_arise_adiy_rp2040.dir/D_/pico-sdk/src/rp2_common/pico_platform_common/common.c.obj
LOAD CMakeFiles/hero_arise_adiy_rp2040.dir/D_/pico-sdk/src/rp2_common/pico_platform_panic/panic.c.obj
LOAD CMakeFiles/hero_arise_adiy_rp2040.dir/D_/pico-sdk/src/rp2_common/pico_platform_panic/custom_panic_function.S.obj
LOAD CMakeFiles/hero_arise_adiy_rp2040.dir/D_/pico-sdk/src/common/hardware_claim/claim.c.obj
LOAD CMakeFiles/hero_arise_adiy_rp2040.dir/D_/pico-sdk/src/rp2_common/hardware_sync/sync.c.obj
LOAD CMakeFiles/hero_arise_adiy_rp2040.dir/D_/pico-sdk/src/rp2_common/hardware_sync_spin_lock/sync_spin_lock.c.obj
LOAD CMakeFiles/hero_arise_adiy_rp2040.dir/D_/pico-sdk/src/rp2_common/hardware_irq/irq.c.obj
LOAD CMakeFiles/hero_arise_adiy_rp2040.dir/D_/pico-sdk/src/rp2_common/hardware_irq/irq_handler_chain.S.obj
LOAD CMakeFiles/hero_arise_adiy_rp2040.dir/D_/pico-sdk/src/common/pico_sync/sem.c.obj
LOAD CMakeFiles/hero_arise_adiy_rp2040.dir/D_/pico-sdk/src/common/pico_sync/lock_core.c.obj
LOAD CMakeFiles/hero_arise_adiy_rp2040.dir/D_/pico-sdk/src/common/pico_sync/mutex.c.obj
LOAD CMakeFiles/hero_arise_adiy_rp2040.dir/D_/pico-sdk/src/common/pico_sync/critical_section.c.obj
LOAD CMakeFiles/hero_arise_adiy_rp2040.dir/D_/pico-sdk/src/common/pico_time/time.c.obj
LOAD CMakeFiles/hero_arise_adiy_rp2040.dir/D_/pico-sdk/src/common/pico_time/timeout_helper.c.obj
LOAD CMakeFiles/hero_arise_adiy_rp2040.dir/D_/pico-sdk/src/rp2_common/hardware_timer/timer.c.obj
LOAD CMakeFiles/hero_arise_adiy_rp2040.dir/D_/pico-sdk/src/common/pico_util/datetime.c.obj
LOAD CMakeFiles/hero_arise_adiy_rp2040.dir/D_/pico-sdk/src/common/pico_util/fixed_bitset.c.obj
LOAD CMakeFiles/hero_arise_adiy_rp2040.dir/D_/pico-sdk/src/common/pico_util/pheap.c.obj
LOAD CMakeFiles/hero_arise_adiy_rp2040.dir/D_/pico-sdk/src/common/pico_util/queue.c.obj
LOAD CMakeFiles/hero_arise_adiy_rp2040.dir/D_/pico-sdk/src/rp2_common/hardware_uart/uart.c.obj
LOAD CMakeFiles/hero_arise_adiy_rp2040.dir/D_/pico-sdk/src/rp2_common/hardware_clocks/clocks.c.obj
LOAD CMakeFiles/hero_arise_adiy_rp2040.dir/D_/pico-sdk/src/rp2_common/hardware_pll/pll.c.obj
LOAD CMakeFiles/hero_arise_adiy_rp2040.dir/D_/pico-sdk/src/rp2_common/hardware_vreg/vreg.c.obj
LOAD CMakeFiles/hero_arise_adiy_rp2040.dir/D_/pico-sdk/src/rp2_common/hardware_watchdog/watchdog.c.obj
LOAD CMakeFiles/hero_arise_adiy_rp2040.dir/D_/pico-sdk/src/rp2_common/hardware_ticks/ticks.c.obj
LOAD CMakeFiles/hero_arise_adiy_rp2040.dir/D_/pico-sdk/src/rp2_common/pico_bootrom/bootrom.c.obj
LOAD CMakeFiles/hero_arise_adiy_rp2040.dir/D_/pico-sdk/src/rp2_common/pico_bootrom/bootrom_lock.c.obj
LOAD CMakeFiles/hero_arise_adiy_rp2040.dir/D_/pico-sdk/src/rp2_common/hardware_boot_lock/boot_lock.c.obj
LOAD CMakeFiles/hero_arise_adiy_rp2040.dir/D_/pico-sdk/src/rp2_common/pico_flash/flash.c.obj
LOAD CMakeFiles/hero_arise_adiy_rp2040.dir/D_/pico-sdk/src/rp2_common/hardware_xosc/xosc.c.obj
LOAD CMakeFiles/hero_arise_adiy_rp2040.dir/D_/pico-sdk/src/rp2_common/hardware_divider/divider.S.obj
LOAD CMakeFiles/hero_arise_adiy_rp2040.dir/D_/pico-sdk/src/rp2_common/pico_runtime/runtime.c.obj
LOAD CMakeFiles/hero_arise_adiy_rp2040.dir/D_/pico-sdk/src/rp2_common/pico_runtime_init/runtime_init.c.obj
LOAD CMakeFiles/hero_arise_adiy_rp2040.dir/D_/pico-sdk/src/rp2_common/pico_runtime_init/runtime_init_clocks.c.obj
LOAD CMakeFiles/hero_arise_adiy_rp2040.dir/D_/pico-sdk/src/rp2_common/pico_runtime_init/runtime_init_stack_guard.c.obj
LOAD CMakeFiles/hero_arise_adiy_rp2040.dir/D_/pico-sdk/src/rp2_common/hardware_rtc/rtc.c.obj
LOAD CMakeFiles/hero_arise_adiy_rp2040.dir/D_/pico-sdk/src/rp2_common/pico_bit_ops/bit_ops_aeabi.S.obj
LOAD CMakeFiles/hero_arise_adiy_rp2040.dir/D_/pico-sdk/src/rp2_common/pico_divider/divider_hardware.S.obj
LOAD CMakeFiles/hero_arise_adiy_rp2040.dir/D_/pico-sdk/src/rp2_common/pico_double/double_aeabi_rp2040.S.obj
LOAD CMakeFiles/hero_arise_adiy_rp2040.dir/D_/pico-sdk/src/rp2_common/pico_double/double_init_rom_rp2040.c.obj
LOAD CMakeFiles/hero_arise_adiy_rp2040.dir/D_/pico-sdk/src/rp2_common/pico_double/double_math.c.obj
LOAD CMakeFiles/hero_arise_adiy_rp2040.dir/D_/pico-sdk/src/rp2_common/pico_double/double_v1_rom_shim_rp2040.S.obj
LOAD CMakeFiles/hero_arise_adiy_rp2040.dir/D_/pico-sdk/src/rp2_common/pico_int64_ops/pico_int64_ops_aeabi.S.obj
LOAD CMakeFiles/hero_arise_adiy_rp2040.dir/D_/pico-sdk/src/rp2_common/pico_float/float_aeabi_rp2040.S.obj
LOAD CMakeFiles/hero_arise_adiy_rp2040.dir/D_/pico-sdk/src/rp2_common/pico_float/float_init_rom_rp2040.c.obj
LOAD CMakeFiles/hero_arise_adiy_rp2040.dir/D_/pico-sdk/src/rp2_common/pico_float/float_math.c.obj
LOAD CMakeFiles/hero_arise_adiy_rp2040.dir/D_/pico-sdk/src/rp2_common/pico_float/float_v1_rom_shim_rp2040.S.obj
LOAD CMakeFiles/hero_arise_adiy_rp2040.dir/D_/pico-sdk/src/rp2_common/pico_malloc/malloc.c.obj
LOAD CMakeFiles/hero_arise_adiy_rp2040.dir/D_/pico-sdk/src/rp2_common/pico_mem_ops/mem_ops_aeabi.S.obj
LOAD CMakeFiles/hero_arise_adiy_rp2040.dir/D_/pico-sdk/src/rp2_common/pico_atomic/atomic.c.obj
LOAD CMakeFiles/hero_arise_adiy_rp2040.dir/D_/pico-sdk/src/rp2_common/pico_cxx_options/new_delete.cpp.obj
LOAD CMakeFiles/hero_arise_adiy_rp2040.dir/D_/pico-sdk/src/rp2_common/pico_standard_binary_info/standard_binary_info.c.obj
LOAD CMakeFiles/hero_arise_adiy_rp2040.dir/D_/pico-sdk/src/rp2_common/pico_printf/printf.c.obj
LOAD CMakeFiles/hero_arise_adiy_rp2040.dir/D_/pico-sdk/src/rp2_common/pico_crt0/crt0.S.obj
LOAD CMakeFiles/hero_arise_adiy_rp2040.dir/D_/pico-sdk/src/rp2_common/pico_clib_interface/newlib_interface.c.obj
LOAD CMakeFiles/hero_arise_adiy_rp2040.dir/D_/pico-sdk/src/rp2_common/pico_clib_interface/cxa_guard.c.obj
LOAD CMakeFiles/hero_arise_adiy_rp2040.dir/D_/pico-sdk/src/rp2_common/pico_stdio/stdio.c.obj
LOAD CMakeFiles/hero_arise_adiy_rp2040.dir/D_/pico-sdk/src/rp2_common/pico_stdio_usb/stdio_usb.c.obj
LOAD CMakeFiles/hero_arise_adiy_rp2040.dir/D_/pico-sdk/src/rp2_common/pico_stdio_usb/stdio_usb_descriptors.c.obj
LOAD CMakeFiles/hero_arise_adiy_rp2040.dir/D_/pico-sdk/src/rp2_common/pico_unique_id/unique_id.c.obj
LOAD CMakeFiles/hero_arise_adiy_rp2040.dir/D_/pico-sdk/src/rp2_common/hardware_flash/flash.c.obj
LOAD CMakeFiles/hero_arise_adiy_rp2040.dir/D_/pico-sdk/src/rp2_common/hardware_xip_cache/xip_cache.c.obj
LOAD CMakeFiles/hero_arise_adiy_rp2040.dir/D_/pico-sdk/src/rp2_common/pico_usb_reset/usb_reset.c.obj
LOAD CMakeFiles/hero_arise_adiy_rp2040.dir/D_/pico-sdk/lib/tinyusb/src/portable/raspberrypi/rp2040/dcd_rp2040.c.obj
LOAD CMakeFiles/hero_arise_adiy_rp2040.dir/D_/pico-sdk/lib/tinyusb/src/portable/raspberrypi/rp2040/rp2040_usb.c.obj
LOAD CMakeFiles/hero_arise_adiy_rp2040.dir/D_/pico-sdk/lib/tinyusb/src/device/usbd.c.obj
LOAD CMakeFiles/hero_arise_adiy_rp2040.dir/D_/pico-sdk/lib/tinyusb/src/device/usbd_control.c.obj
LOAD CMakeFiles/hero_arise_adiy_rp2040.dir/D_/pico-sdk/lib/tinyusb/src/class/audio/audio_device.c.obj
LOAD CMakeFiles/hero_arise_adiy_rp2040.dir/D_/pico-sdk/lib/tinyusb/src/class/cdc/cdc_device.c.obj
LOAD CMakeFiles/hero_arise_adiy_rp2040.dir/D_/pico-sdk/lib/tinyusb/src/class/dfu/dfu_device.c.obj
LOAD CMakeFiles/hero_arise_adiy_rp2040.dir/D_/pico-sdk/lib/tinyusb/src/class/dfu/dfu_rt_device.c.obj
LOAD CMakeFiles/hero_arise_adiy_rp2040.dir/D_/pico-sdk/lib/tinyusb/src/class/hid/hid_device.c.obj
LOAD CMakeFiles/hero_arise_adiy_rp2040.dir/D_/pico-sdk/lib/tinyusb/src/class/midi/midi_device.c.obj
LOAD CMakeFiles/hero_arise_adiy_rp2040.dir/D_/pico-sdk/lib/tinyusb/src/class/msc/msc_device.c.obj
LOAD CMakeFiles/hero_arise_adiy_rp2040.dir/D_/pico-sdk/lib/tinyusb/src/class/net/ecm_rndis_device.c.obj
LOAD CMakeFiles/hero_arise_adiy_rp2040.dir/D_/pico-sdk/lib/tinyusb/src/class/net/ncm_device.c.obj
LOAD CMakeFiles/hero_arise_adiy_rp2040.dir/D_/pico-sdk/lib/tinyusb/src/class/usbtmc/usbtmc_device.c.obj
LOAD CMakeFiles/hero_arise_adiy_rp2040.dir/D_/pico-sdk/lib/tinyusb/src/class/vendor/vendor_device.c.obj
LOAD CMakeFiles/hero_arise_adiy_rp2040.dir/D_/pico-sdk/lib/tinyusb/src/class/video/video_device.c.obj
LOAD CMakeFiles/hero_arise_adiy_rp2040.dir/D_/pico-sdk/lib/tinyusb/src/tusb.c.obj
LOAD CMakeFiles/hero_arise_adiy_rp2040.dir/D_/pico-sdk/lib/tinyusb/src/common/tusb_fifo.c.obj
LOAD CMakeFiles/hero_arise_adiy_rp2040.dir/D_/pico-sdk/src/rp2_common/pico_fix/rp2040_usb_device_enumeration/rp2040_usb_device_enumeration.c.obj
LOAD CMakeFiles/hero_arise_adiy_rp2040.dir/D_/pico-sdk/src/rp2_common/pico_thread_local/thread_local.c.obj
LOAD CMakeFiles/hero_arise_adiy_rp2040.dir/D_/pico-sdk/src/rp2_common/hardware_i2c/i2c.c.obj
LOAD CMakeFiles/hero_arise_adiy_rp2040.dir/D_/pico-sdk/src/rp2_common/hardware_pio/pio.c.obj
LOAD CMakeFiles/hero_arise_adiy_rp2040.dir/D_/pico-sdk/src/rp2_common/hardware_dma/dma.c.obj
LOAD pico-sdk/src/rp2040/boot_stage2/CMakeFiles/bs2_default_library.dir/./bs2_default_padded_checksummed.S.obj
LOAD c:/program files (x86)/arm gnu toolchain arm-none-eabi/12.2 mpacbti-rel1/bin/../lib/gcc/arm-none-eabi/12.2.1/thumb/v6-m/nofp\libstdc++.a
LOAD c:/program files (x86)/arm gnu toolchain arm-none-eabi/12.2 mpacbti-rel1/bin/../lib/gcc/arm-none-eabi/12.2.1/thumb/v6-m/nofp\libm.a
START GROUP
LOAD c:/program files (x86)/arm gnu toolchain arm-none-eabi/12.2 mpacbti-rel1/bin/../lib/gcc/arm-none-eabi/12.2.1/thumb/v6-m/nofp\libgcc.a
LOAD c:/program files (x86)/arm gnu toolchain arm-none-eabi/12.2 mpacbti-rel1/bin/../lib/gcc/arm-none-eabi/12.2.1/thumb/v6-m/nofp\libg.a
LOAD c:/program files (x86)/arm gnu toolchain arm-none-eabi/12.2 mpacbti-rel1/bin/../lib/gcc/arm-none-eabi/12.2.1/thumb/v6-m/nofp\libc.a
END GROUP
                0x20000000                        PROVIDE (RAM_ORIGIN = RAM_ORIGIN_DEFAULT)
                0x00040000                        PROVIDE (RAM_LENGTH = RAM_LENGTH_DEFAULT)
                0x20040000                        PROVIDE (SCRATCH_X_ORIGIN = SCRATCH_X_ORIGIN_DEFAULT)
                0x00001000                        PROVIDE (SCRATCH_X_LENGTH = SCRATCH_X_LENGTH_DEFAULT)
                0x20041000                        PROVIDE (SCRATCH_Y_ORIGIN = SCRATCH_Y_ORIGIN_DEFAULT)
                0x00001000                        PROVIDE (SCRATCH_Y_LENGTH = SCRATCH_Y_LENGTH_DEFAULT)
                0x15000000                        PROVIDE (XIP_RAM_ORIGIN = XIP_RAM_ORIGIN_DEFAULT)
                0x00004000                        PROVIDE (XIP_RAM_LENGTH = XIP_RAM_LENGTH_DEFAULT)
                0x20000000                        RAM_ORIGIN = DEFINED (RAM_ORIGIN)?RAM_ORIGIN:RAM_ORIGIN_DEFAULT
                0x00040000                        RAM_LENGTH = DEFINED (RAM_LENGTH)?RAM_LENGTH:RAM_LENGTH_DEFAULT
                0x20040000                        SCRATCH_X_ORIGIN = DEFINED (SCRATCH_X_ORIGIN)?SCRATCH_X_ORIGIN:SCRATCH_X_ORIGIN_DEFAULT
                0x00001000                        SCRATCH_X_LENGTH = DEFINED (SCRATCH_X_LENGTH)?SCRATCH_X_LENGTH:SCRATCH_X_LENGTH_DEFAULT
                0x20041000                        SCRATCH_Y_ORIGIN = DEFINED (SCRATCH_Y_ORIGIN)?SCRATCH_Y_ORIGIN:SCRATCH_Y_ORIGIN_DEFAULT
                0x00001000                        SCRATCH_Y_LENGTH = DEFINED (SCRATCH_Y_LENGTH)?SCRATCH_Y_LENGTH:SCRATCH_Y_LENGTH_DEFAULT
                0x15000000                        XIP_RAM_ORIGIN = DEFINED (XIP_RAM_ORIGIN)?XIP_RAM_ORIGIN:XIP_RAM_ORIGIN_DEFAULT
                0x00004000                        XIP_RAM_LENGTH = DEFINED (XIP_RAM_LENGTH)?XIP_RAM_LENGTH:XIP_RAM_LENGTH_DEFAULT

.flash_begin    0x10000000        0x0
                0x10000000                        __flash_binary_start = .

.boot2          0x10000000      0x100
                0x10000000                        __boot2_start__ = .
 *(.boot2)
 .boot2         0x10000000      0x100 pico-sdk/src/rp2040/boot_stage2/CMakeFiles/bs2_default_library.dir/./bs2_default_padded_checksummed.S.obj
                0x10000100                        __boot2_end__ = .
                0x00000001                        ASSERT (((__boot2_end__ - __boot2_start__) == 0x100), ERROR: Pico second stage bootloader must be exactly 256 bytes in size for RP2040)

.text           0x10000100     0x674c
                0x10000100                        __logical_binary_start = .
 *(.vectors)
 .vectors       0x10000100       0xd4 CMakeFiles/hero_arise_adiy_rp2040.dir/D_/pico-sdk/src/rp2_common/pico_crt0/crt0.S.obj
                0x10000100                __VECTOR_TABLE
                0x10000100                __vectors
                0x100001c0                isr_irq13
                0x100001c0                isr_irq27
                0x100001c0                isr_irq31
                0x100001c0                isr_irq12
                0x100001c0                isr_irq5
                0x100001c0                isr_irq11
                0x100001c0                isr_irq3
                0x100001c0                isr_irq23
                0x100001c0                __unhandled_user_irq
                0x100001c0                isr_irq26
                0x100001c0                isr_irq28
                0x100001c0                isr_irq19
                0x100001c0                isr_irq0
                0x100001c0                isr_irq6
                0x100001c0                isr_irq29
                0x100001c0                isr_irq16
                0x100001c0                isr_irq22
                0x100001c0                isr_irq18
                0x100001c0                isr_irq17
                0x100001c0                isr_irq14
                0x100001c0                __vectors_end
                0x100001c0                __default_isrs_start
                0x100001c0                isr_irq2
                0x100001c0                isr_irq10
                0x100001c0                isr_irq8
                0x100001c0                isr_irq24
                0x100001c0                isr_irq1
                0x100001c0                isr_irq7
                0x100001c0                isr_irq21
                0x100001c0                isr_irq20
                0x100001c0                isr_irq15
                0x100001c0                isr_irq25
                0x100001c0                isr_irq4
                0x100001c0                isr_irq30
                0x100001c0                isr_irq9
                0x100001c6                unhandled_user_irq_num_in_r0
                0x100001c8                isr_invalid
                0x100001ca                isr_nmi
                0x100001cc                isr_hardfault
                0x100001ce                isr_svcall
                0x100001d0                isr_pendsv
                0x100001d2                isr_systick
                0x100001d4                __default_isrs_end
 *(.binary_info_header)
 .binary_info_header
                0x100001d4       0x14 CMakeFiles/hero_arise_adiy_rp2040.dir/D_/pico-sdk/src/rp2_common/pico_crt0/crt0.S.obj
                0x100001e8                        __binary_info_header_end = .
 *(.embedded_block)
                0x100001e8                        __embedded_block_end = .
 *(.reset)
 .reset         0x100001e8       0x98 CMakeFiles/hero_arise_adiy_rp2040.dir/D_/pico-sdk/src/rp2_common/pico_crt0/crt0.S.obj
                0x100001e8                _entry_point
 *(.init)
 *libgcc.a:cmse_nonsecure_call.o()
 *(EXCLUDE_FILE(*libm.a: *lib*_a-mem*.o *libc.a: *libgcc.a:) .text*)
 .text._Z14loop_test_modev
                0x10000280       0x8c CMakeFiles/hero_arise_adiy_rp2040.dir/src/main.cpp.obj
                0x10000280                loop_test_mode()
 .text.startup.main
                0x1000030c       0x38 CMakeFiles/hero_arise_adiy_rp2040.dir/src/main.cpp.obj
                0x1000030c                main
 .text.startup._GLOBAL__sub_I__Z14loop_test_modev
                0x10000344       0x10 CMakeFiles/hero_arise_adiy_rp2040.dir/src/main.cpp.obj
 .text._ZN14DecisionEngineC2Ev
                0x10000354        0xc CMakeFiles/hero_arise_adiy_rp2040.dir/src/decision.cpp.obj
                0x10000354                DecisionEngine::DecisionEngine()
                0x10000354                DecisionEngine::DecisionEngine()
 .text._ZN14DecisionEngine5beginEv
                0x10000360       0x3c CMakeFiles/hero_arise_adiy_rp2040.dir/src/decision.cpp.obj
                0x10000360                DecisionEngine::begin()
 .text._ZN14DecisionEngine17processPredictionEifmb
                0x1000039c      0x17c CMakeFiles/hero_arise_adiy_rp2040.dir/src/decision.cpp.obj
                0x1000039c                DecisionEngine::processPrediction(int, float, unsigned long, bool)
 .text.gpio_init
                0x10000518       0x40 CMakeFiles/hero_arise_adiy_rp2040.dir/D_/pico-sdk/src/rp2_common/hardware_gpio/gpio.c.obj
                0x10000518                gpio_init
 .text.rp2040_chip_version
                0x10000558        0xc CMakeFiles/hero_arise_adiy_rp2040.dir/D_/pico-sdk/src/rp2040/pico_platform/platform.c.obj
                0x10000558                rp2040_chip_version
 .text.panic    0x10000564       0x30 CMakeFiles/hero_arise_adiy_rp2040.dir/D_/pico-sdk/src/rp2_common/pico_platform_panic/panic.c.obj
                0x10000564                panic
 .text.hw_claim_or_assert
                0x10000594       0x44 CMakeFiles/hero_arise_adiy_rp2040.dir/D_/pico-sdk/src/common/hardware_claim/claim.c.obj
                0x10000594                hw_claim_or_assert
 .text.hw_claim_unused_from_range
                0x100005d8       0x9c CMakeFiles/hero_arise_adiy_rp2040.dir/D_/pico-sdk/src/common/hardware_claim/claim.c.obj
                0x100005d8                hw_claim_unused_from_range
 .text.next_striped_spin_lock_num
                0x10000674       0x18 CMakeFiles/hero_arise_adiy_rp2040.dir/D_/pico-sdk/src/rp2_common/hardware_sync/sync.c.obj
                0x10000674                next_striped_spin_lock_num
 .text.spin_lock_claim_unused
                0x1000068c       0x24 CMakeFiles/hero_arise_adiy_rp2040.dir/D_/pico-sdk/src/rp2_common/hardware_sync/sync.c.obj
                0x1000068c                spin_lock_claim_unused
 .text.spin_locks_reset
                0x100006b0       0x1c CMakeFiles/hero_arise_adiy_rp2040.dir/D_/pico-sdk/src/rp2_common/hardware_sync_spin_lock/sync_spin_lock.c.obj
                0x100006b0                spin_locks_reset
 .text.runtime_init_per_core_irq_priorities
                0x100006cc       0x24 CMakeFiles/hero_arise_adiy_rp2040.dir/D_/pico-sdk/src/rp2_common/hardware_irq/irq.c.obj
                0x100006cc                runtime_init_per_core_irq_priorities
 .text.irq_set_enabled
                0x100006f0       0x24 CMakeFiles/hero_arise_adiy_rp2040.dir/D_/pico-sdk/src/rp2_common/hardware_irq/irq.c.obj
                0x100006f0                irq_set_enabled
 .text.irq_is_enabled
                0x10000714       0x18 CMakeFiles/hero_arise_adiy_rp2040.dir/D_/pico-sdk/src/rp2_common/hardware_irq/irq.c.obj
                0x10000714                irq_is_enabled
 .text.irq_set_pending
                0x1000072c       0x10 CMakeFiles/hero_arise_adiy_rp2040.dir/D_/pico-sdk/src/rp2_common/hardware_irq/irq.c.obj
                0x1000072c                irq_set_pending
 .text.irq_has_shared_handler
                0x1000073c       0x24 CMakeFiles/hero_arise_adiy_rp2040.dir/D_/pico-sdk/src/rp2_common/hardware_irq/irq.c.obj
                0x1000073c                irq_has_shared_handler
 .text.irq_set_exclusive_handler
                0x10000760       0x54 CMakeFiles/hero_arise_adiy_rp2040.dir/D_/pico-sdk/src/rp2_common/hardware_irq/irq.c.obj
                0x10000760                irq_set_exclusive_handler
 .text.irq_add_shared_handler
                0x100007b4      0x1d4 CMakeFiles/hero_arise_adiy_rp2040.dir/D_/pico-sdk/src/rp2_common/hardware_irq/irq.c.obj
                0x100007b4                irq_add_shared_handler
 .text.irq_add_tail_to_free_list
                0x10000988       0xcc CMakeFiles/hero_arise_adiy_rp2040.dir/D_/pico-sdk/src/rp2_common/hardware_irq/irq.c.obj
                0x10000988                irq_add_tail_to_free_list
 .text.user_irq_claim_unused
                0x10000a54       0x2c CMakeFiles/hero_arise_adiy_rp2040.dir/D_/pico-sdk/src/rp2_common/hardware_irq/irq.c.obj
                0x10000a54                user_irq_claim_unused
 .text.lock_init
                0x10000a80       0x10 CMakeFiles/hero_arise_adiy_rp2040.dir/D_/pico-sdk/src/common/pico_sync/lock_core.c.obj
                0x10000a80                lock_init
 .text.runtime_init_mutex
                0x10000a90       0x60 CMakeFiles/hero_arise_adiy_rp2040.dir/D_/pico-sdk/src/common/pico_sync/mutex.c.obj
                0x10000a90                runtime_init_mutex
 .text.mutex_init
                0x10000af0       0x1c CMakeFiles/hero_arise_adiy_rp2040.dir/D_/pico-sdk/src/common/pico_sync/mutex.c.obj
                0x10000af0                mutex_init
 .text.critical_section_init
                0x10000b0c       0x1c CMakeFiles/hero_arise_adiy_rp2040.dir/D_/pico-sdk/src/common/pico_sync/critical_section.c.obj
                0x10000b0c                critical_section_init
 .text.critical_section_init_with_lock_num
                0x10000b28       0x14 CMakeFiles/hero_arise_adiy_rp2040.dir/D_/pico-sdk/src/common/pico_sync/critical_section.c.obj
                0x10000b28                critical_section_init_with_lock_num
 .text.sleep_until_callback
                0x10000b3c       0x30 CMakeFiles/hero_arise_adiy_rp2040.dir/D_/pico-sdk/src/common/pico_time/time.c.obj
 .text.alarm_pool_irq_handler
                0x10000b6c      0x2fc CMakeFiles/hero_arise_adiy_rp2040.dir/D_/pico-sdk/src/common/pico_time/time.c.obj
 .text.runtime_init_default_alarm_pool
                0x10000e68       0xdc CMakeFiles/hero_arise_adiy_rp2040.dir/D_/pico-sdk/src/common/pico_time/time.c.obj
                0x10000e68                runtime_init_default_alarm_pool
 .text.alarm_pool_get_default
                0x10000f44        0x8 CMakeFiles/hero_arise_adiy_rp2040.dir/D_/pico-sdk/src/common/pico_time/time.c.obj
                0x10000f44                alarm_pool_get_default
 .text.alarm_pool_add_alarm_at
                0x10000f4c       0xd4 CMakeFiles/hero_arise_adiy_rp2040.dir/D_/pico-sdk/src/common/pico_time/time.c.obj
                0x10000f4c                alarm_pool_add_alarm_at
 .text.alarm_pool_add_alarm_at_force_in_context
                0x10001020       0xb0 CMakeFiles/hero_arise_adiy_rp2040.dir/D_/pico-sdk/src/common/pico_time/time.c.obj
                0x10001020                alarm_pool_add_alarm_at_force_in_context
 .text.alarm_pool_cancel_alarm
                0x100010d0       0x74 CMakeFiles/hero_arise_adiy_rp2040.dir/D_/pico-sdk/src/common/pico_time/time.c.obj
                0x100010d0                alarm_pool_cancel_alarm
 .text.alarm_pool_core_num
                0x10001144        0x4 CMakeFiles/hero_arise_adiy_rp2040.dir/D_/pico-sdk/src/common/pico_time/time.c.obj
                0x10001144                alarm_pool_core_num
 .text.sleep_until
                0x10001148       0xd8 CMakeFiles/hero_arise_adiy_rp2040.dir/D_/pico-sdk/src/common/pico_time/time.c.obj
                0x10001148                sleep_until
 .text.sleep_ms
                0x10001220       0x38 CMakeFiles/hero_arise_adiy_rp2040.dir/D_/pico-sdk/src/common/pico_time/time.c.obj
                0x10001220                sleep_ms
 .text.best_effort_wfe_or_timeout
                0x10001258      0x118 CMakeFiles/hero_arise_adiy_rp2040.dir/D_/pico-sdk/src/common/pico_time/time.c.obj
                0x10001258                best_effort_wfe_or_timeout
 .text.timer_hardware_alarm_claim
                0x10001370       0x14 CMakeFiles/hero_arise_adiy_rp2040.dir/D_/pico-sdk/src/rp2_common/hardware_timer/timer.c.obj
                0x10001370                timer_hardware_alarm_claim
 .text.timer_time_us_64
                0x10001384       0x10 CMakeFiles/hero_arise_adiy_rp2040.dir/D_/pico-sdk/src/rp2_common/hardware_timer/timer.c.obj
                0x10001384                timer_time_us_64
 .text.time_us_64
                0x10001394       0x14 CMakeFiles/hero_arise_adiy_rp2040.dir/D_/pico-sdk/src/rp2_common/hardware_timer/timer.c.obj
                0x10001394                time_us_64
 .text.busy_wait_until
                0x100013a8       0x20 CMakeFiles/hero_arise_adiy_rp2040.dir/D_/pico-sdk/src/rp2_common/hardware_timer/timer.c.obj
                0x100013a8                busy_wait_until
 .text.clock_configure_int_divider
                0x100013c8       0xf0 CMakeFiles/hero_arise_adiy_rp2040.dir/D_/pico-sdk/src/rp2_common/hardware_clocks/clocks.c.obj
                0x100013c8                clock_configure_int_divider
 .text.clock_configure_undivided
                0x100014b8       0xe4 CMakeFiles/hero_arise_adiy_rp2040.dir/D_/pico-sdk/src/rp2_common/hardware_clocks/clocks.c.obj
                0x100014b8                clock_configure_undivided
 .text.clock_get_hz
                0x1000159c        0xc CMakeFiles/hero_arise_adiy_rp2040.dir/D_/pico-sdk/src/rp2_common/hardware_clocks/clocks.c.obj
                0x1000159c                clock_get_hz
 .text.pll_init
                0x100015a8       0xa0 CMakeFiles/hero_arise_adiy_rp2040.dir/D_/pico-sdk/src/rp2_common/hardware_pll/pll.c.obj
                0x100015a8                pll_init
 .text.watchdog_reboot
                0x10001648       0x9c CMakeFiles/hero_arise_adiy_rp2040.dir/D_/pico-sdk/src/rp2_common/hardware_watchdog/watchdog.c.obj
                0x10001648                watchdog_reboot
 .text.tick_start
                0x100016e4       0x10 CMakeFiles/hero_arise_adiy_rp2040.dir/D_/pico-sdk/src/rp2_common/hardware_ticks/ticks.c.obj
                0x100016e4                tick_start
 .text.rom_func_lookup
                0x100016f4       0x10 CMakeFiles/hero_arise_adiy_rp2040.dir/D_/pico-sdk/src/rp2_common/pico_bootrom/bootrom.c.obj
                0x100016f4                rom_func_lookup
 .text.rom_data_lookup
                0x10001704       0x10 CMakeFiles/hero_arise_adiy_rp2040.dir/D_/pico-sdk/src/rp2_common/pico_bootrom/bootrom.c.obj
                0x10001704                rom_data_lookup
 .text.rom_funcs_lookup
                0x10001714       0x44 CMakeFiles/hero_arise_adiy_rp2040.dir/D_/pico-sdk/src/rp2_common/pico_bootrom/bootrom.c.obj
                0x10001714                rom_funcs_lookup
 .text.rom_reset_usb_boot_extra
                0x10001758       0x28 CMakeFiles/hero_arise_adiy_rp2040.dir/D_/pico-sdk/src/rp2_common/pico_bootrom/bootrom.c.obj
                0x10001758                rom_reset_usb_boot_extra
 .text.xosc_init
                0x10001780       0x28 CMakeFiles/hero_arise_adiy_rp2040.dir/D_/pico-sdk/src/rp2_common/hardware_xosc/xosc.c.obj
                0x10001780                xosc_init
 .text.first_per_core_initializer
                0x100017a8        0x4 CMakeFiles/hero_arise_adiy_rp2040.dir/D_/pico-sdk/src/rp2_common/pico_runtime/runtime.c.obj
 .text.hard_assertion_failure
                0x100017ac        0xc CMakeFiles/hero_arise_adiy_rp2040.dir/D_/pico-sdk/src/rp2_common/pico_runtime/runtime.c.obj
                0x100017ac                hard_assertion_failure
 .text.runtime_run_initializers
                0x100017b8       0x28 CMakeFiles/hero_arise_adiy_rp2040.dir/D_/pico-sdk/src/rp2_common/pico_runtime/runtime.c.obj
                0x100017b8                runtime_run_initializers
 .text.runtime_init_early_resets
                0x100017e0       0x2c CMakeFiles/hero_arise_adiy_rp2040.dir/D_/pico-sdk/src/rp2_common/pico_runtime_init/runtime_init.c.obj
                0x100017e0                runtime_init_early_resets
 .text.runtime_init_usb_power_down
                0x1000180c       0x1c CMakeFiles/hero_arise_adiy_rp2040.dir/D_/pico-sdk/src/rp2_common/pico_runtime_init/runtime_init.c.obj
                0x1000180c                runtime_init_usb_power_down
 .text.runtime_init_post_clock_resets
                0x10001828       0x20 CMakeFiles/hero_arise_adiy_rp2040.dir/D_/pico-sdk/src/rp2_common/pico_runtime_init/runtime_init.c.obj
                0x10001828                runtime_init_post_clock_resets
 .text.runtime_init_rp2040_gpio_ie_disable
                0x10001848       0x14 CMakeFiles/hero_arise_adiy_rp2040.dir/D_/pico-sdk/src/rp2_common/pico_runtime_init/runtime_init.c.obj
                0x10001848                runtime_init_rp2040_gpio_ie_disable
 .text.runtime_init_spin_locks_reset
                0x1000185c        0x8 CMakeFiles/hero_arise_adiy_rp2040.dir/D_/pico-sdk/src/rp2_common/pico_runtime_init/runtime_init.c.obj
                0x1000185c                runtime_init_spin_locks_reset
 .text.runtime_init_install_ram_vector_table
                0x10001864       0xb4 CMakeFiles/hero_arise_adiy_rp2040.dir/D_/pico-sdk/src/rp2_common/pico_runtime_init/runtime_init.c.obj
                0x10001864                runtime_init_install_ram_vector_table
 .text.runtime_init_clocks
                0x10001918       0xd8 CMakeFiles/hero_arise_adiy_rp2040.dir/D_/pico-sdk/src/rp2_common/pico_runtime_init/runtime_init_clocks.c.obj
                0x10001918                runtime_init_clocks
 .text          0x100019f0       0x10 CMakeFiles/hero_arise_adiy_rp2040.dir/D_/pico-sdk/src/rp2_common/pico_bit_ops/bit_ops_aeabi.S.obj
 .text.__wrap___aeabi_idiv
                0x10001a00       0x50 CMakeFiles/hero_arise_adiy_rp2040.dir/D_/pico-sdk/src/rp2_common/pico_divider/divider_hardware.S.obj
                0x10001a00                __wrap___aeabi_idivmod
                0x10001a00                divmod_s32s32
                0x10001a00                div_s32s32
                0x10001a00                __wrap___aeabi_idiv
                0x10001a34                divmod_s32s32_savestate
 .text.__wrap___aeabi_uidiv
                0x10001a50       0x4c CMakeFiles/hero_arise_adiy_rp2040.dir/D_/pico-sdk/src/rp2_common/pico_divider/divider_hardware.S.obj
                0x10001a50                __wrap___aeabi_uidivmod
                0x10001a50                div_u32u32
                0x10001a50                divmod_u32u32
                0x10001a50                __wrap___aeabi_uidiv
                0x10001a80                divmod_u32u32_savestate
 .text.__wrap___aeabi_ldiv
                0x10001a9c      0x424 CMakeFiles/hero_arise_adiy_rp2040.dir/D_/pico-sdk/src/rp2_common/pico_divider/divider_hardware.S.obj
                0x10001a9c                div_s64s64
                0x10001a9c                divmod_s64s64
                0x10001a9c                __wrap___aeabi_ldivmod
                0x10001acc                divmod_u64u64
                0x10001acc                div_u64u64
                0x10001acc                __wrap___aeabi_uldivmod
                0x10001adc                divmod_u64u64_savestate
                0x10001afc                divmod_s64s64_unsafe
                0x10001b84                divmod_u64u64_unsafe
 .text.__wrap___aeabi_darithmetic
                0x10001ec0       0x80 CMakeFiles/hero_arise_adiy_rp2040.dir/D_/pico-sdk/src/rp2_common/pico_double/double_aeabi_rp2040.S.obj
                0x10001ec0                __wrap___aeabi_drsub
                0x10001ec6                __wrap___aeabi_dsub
                0x10001ed8                __wrap___aeabi_dadd
                0x10001eea                __wrap___aeabi_ddiv
                0x10001f26                __wrap___aeabi_dmul
 .text.__wrap___aeabi_cdcmple
                0x10001f40       0x6c CMakeFiles/hero_arise_adiy_rp2040.dir/D_/pico-sdk/src/rp2_common/pico_double/double_aeabi_rp2040.S.obj
                0x10001f40                __wrap___aeabi_cdrcmple
                0x10001f50                __wrap___aeabi_cdcmpeq
                0x10001f50                __wrap___aeabi_cdcmple
 .text.__wrap___aeabi_dcmplt
                0x10001fac        0xc CMakeFiles/hero_arise_adiy_rp2040.dir/D_/pico-sdk/src/rp2_common/pico_double/double_aeabi_rp2040.S.obj
                0x10001fac                __wrap___aeabi_dcmplt
 .text.__wrap___aeabi_dcmpge
                0x10001fb8       0x10 CMakeFiles/hero_arise_adiy_rp2040.dir/D_/pico-sdk/src/rp2_common/pico_double/double_aeabi_rp2040.S.obj
                0x10001fb8                __wrap___aeabi_dcmpge
 .text.__wrap___aeabi_dcmpgt
                0x10001fc8        0xa CMakeFiles/hero_arise_adiy_rp2040.dir/D_/pico-sdk/src/rp2_common/pico_double/double_aeabi_rp2040.S.obj
                0x10001fc8                __wrap___aeabi_dcmpgt
 .text.__wrap___aeabi_dcmpun
                0x10001fd2       0x18 CMakeFiles/hero_arise_adiy_rp2040.dir/D_/pico-sdk/src/rp2_common/pico_double/double_aeabi_rp2040.S.obj
                0x10001fd2                __wrap___aeabi_dcmpun
 *fill*         0x10001fea        0x2 
 .text.__wrap___aeabi_i2d
                0x10001fec       0x38 CMakeFiles/hero_arise_adiy_rp2040.dir/D_/pico-sdk/src/rp2_common/pico_double/double_aeabi_rp2040.S.obj
                0x10001fec                uint2double
                0x10001fec                __wrap___aeabi_ui2d
                0x10001ff4                int2double
                0x10001ff4                __wrap___aeabi_i2d
 .text.__wrap___aeabi_d2iz
                0x10002024       0x48 CMakeFiles/hero_arise_adiy_rp2040.dir/D_/pico-sdk/src/rp2_common/pico_double/double_aeabi_rp2040.S.obj
                0x10002024                double2int_z
                0x10002024                __wrap___aeabi_d2iz
 .text.__wrap___aeabi_d2uiz
                0x1000206c       0x18 CMakeFiles/hero_arise_adiy_rp2040.dir/D_/pico-sdk/src/rp2_common/pico_double/double_aeabi_rp2040.S.obj
                0x1000206c                double2uint
                0x1000206c                __wrap___aeabi_d2uiz
                0x1000206c                double2uint_z
 .text.__aeabi_double_init
                0x10002084       0xa4 CMakeFiles/hero_arise_adiy_rp2040.dir/D_/pico-sdk/src/rp2_common/pico_double/double_init_rom_rp2040.c.obj
                0x10002084                __aeabi_double_init
 .text.double_table_shim_on_use_helper
                0x10002128       0x2c CMakeFiles/hero_arise_adiy_rp2040.dir/D_/pico-sdk/src/rp2_common/pico_double/double_v1_rom_shim_rp2040.S.obj
                0x10002128                double_table_shim_on_use_helper
 .text.__wrap___aeabi_dsub
                0x10002154       0x10 CMakeFiles/hero_arise_adiy_rp2040.dir/D_/pico-sdk/src/rp2_common/pico_double/double_v1_rom_shim_rp2040.S.obj
                0x10002154                drsub_shim
                0x1000215a                dsub_shim
 .text.dadd_shim
                0x10002164      0x15c CMakeFiles/hero_arise_adiy_rp2040.dir/D_/pico-sdk/src/rp2_common/pico_double/double_v1_rom_shim_rp2040.S.obj
                0x10002164                dadd_shim
 .text.dmul_shim
                0x100022c0      0x15c CMakeFiles/hero_arise_adiy_rp2040.dir/D_/pico-sdk/src/rp2_common/pico_double/double_v1_rom_shim_rp2040.S.obj
                0x100022c0                dmul_shim
 .text.ddiv_shim
                0x1000241c      0x1b0 CMakeFiles/hero_arise_adiy_rp2040.dir/D_/pico-sdk/src/rp2_common/pico_double/double_v1_rom_shim_rp2040.S.obj
                0x1000241c                ddiv_shim
 .text.double2uint_shim
                0x100025cc        0xe CMakeFiles/hero_arise_adiy_rp2040.dir/D_/pico-sdk/src/rp2_common/pico_double/double_v1_rom_shim_rp2040.S.obj
                0x100025cc                double2uint_shim
                0x100025ce                double2ufix_shim
 *fill*         0x100025da        0x2 
 .text.double2uint64_shim
                0x100025dc       0x70 CMakeFiles/hero_arise_adiy_rp2040.dir/D_/pico-sdk/src/rp2_common/pico_double/double_v1_rom_shim_rp2040.S.obj
                0x100025dc                double2uint64_shim
                0x100025de                double2ufix64_shim
                0x100025fe                d2fix_a
 .text.dunpacks
                0x1000264c       0x3c CMakeFiles/hero_arise_adiy_rp2040.dir/D_/pico-sdk/src/rp2_common/pico_double/double_v1_rom_shim_rp2040.S.obj
                0x1000264c                dunpacks
 .text.__aeabi_lmul
                0x10002688       0x32 CMakeFiles/hero_arise_adiy_rp2040.dir/D_/pico-sdk/src/rp2_common/pico_int64_ops/pico_int64_ops_aeabi.S.obj
                0x10002688                __wrap___aeabi_lmul
 *fill*         0x100026ba        0x2 
 .text.__wrap___aeabi_farithmetic
                0x100026bc       0x48 CMakeFiles/hero_arise_adiy_rp2040.dir/D_/pico-sdk/src/rp2_common/pico_float/float_aeabi_rp2040.S.obj
                0x100026bc                __wrap___aeabi_frsub
                0x100026c2                __wrap___aeabi_fsub
                0x100026c8                __wrap___aeabi_fadd
                0x100026ce                __wrap___aeabi_fdiv
                0x100026f6                __wrap___aeabi_fmul
 .text.__wrap___aeabi_cfcmple
                0x10002704       0x50 CMakeFiles/hero_arise_adiy_rp2040.dir/D_/pico-sdk/src/rp2_common/pico_float/float_aeabi_rp2040.S.obj
                0x10002704                __wrap___aeabi_cfrcmple
                0x10002710                __wrap___aeabi_cfcmple
                0x10002710                __wrap___aeabi_cfcmpeq
 .text.__wrap___aeabi_fcmpge
                0x10002754       0x10 CMakeFiles/hero_arise_adiy_rp2040.dir/D_/pico-sdk/src/rp2_common/pico_float/float_aeabi_rp2040.S.obj
                0x10002754                __wrap___aeabi_fcmpge
 .text.__wrap___aeabi_f2d
                0x10002764       0x14 CMakeFiles/hero_arise_adiy_rp2040.dir/D_/pico-sdk/src/rp2_common/pico_float/float_aeabi_rp2040.S.obj
                0x10002764                __wrap___aeabi_f2d
 .text.__aeabi_float_init
                0x10002778       0x64 CMakeFiles/hero_arise_adiy_rp2040.dir/D_/pico-sdk/src/rp2_common/pico_float/float_init_rom_rp2040.c.obj
                0x10002778                __aeabi_float_init
 .text.float_table_shim_on_use_helper
                0x100027dc       0x2c CMakeFiles/hero_arise_adiy_rp2040.dir/D_/pico-sdk/src/rp2_common/pico_float/float_v1_rom_shim_rp2040.S.obj
                0x100027dc                float_table_shim_on_use_helper
 .text.float2double_shim
                0x10002808       0x30 CMakeFiles/hero_arise_adiy_rp2040.dir/D_/pico-sdk/src/rp2_common/pico_float/float_v1_rom_shim_rp2040.S.obj
                0x10002808                float2double_shim
 .text          0x10002838       0x10 CMakeFiles/hero_arise_adiy_rp2040.dir/D_/pico-sdk/src/rp2_common/pico_mem_ops/mem_ops_aeabi.S.obj
                0x10002838                __aeabi_mem_init
 .text.memset   0x10002848        0xc CMakeFiles/hero_arise_adiy_rp2040.dir/D_/pico-sdk/src/rp2_common/pico_mem_ops/mem_ops_aeabi.S.obj
                0x10002848                __wrap_memset
 .text.memcpy   0x10002854        0xc CMakeFiles/hero_arise_adiy_rp2040.dir/D_/pico-sdk/src/rp2_common/pico_mem_ops/mem_ops_aeabi.S.obj
                0x10002854                __wrap_memcpy
                0x10002854                __wrap___aeabi_memcpy
 .text._out_null
                0x10002860        0x4 CMakeFiles/hero_arise_adiy_rp2040.dir/D_/pico-sdk/src/rp2_common/pico_printf/printf.c.obj
 .text._out_rev
                0x10002864       0x90 CMakeFiles/hero_arise_adiy_rp2040.dir/D_/pico-sdk/src/rp2_common/pico_printf/printf.c.obj
 .text._ntoa_format
                0x100028f4      0x208 CMakeFiles/hero_arise_adiy_rp2040.dir/D_/pico-sdk/src/rp2_common/pico_printf/printf.c.obj
 .text._out_char
                0x10002afc       0x10 CMakeFiles/hero_arise_adiy_rp2040.dir/D_/pico-sdk/src/rp2_common/pico_printf/printf.c.obj
 .text._out_fct
                0x10002b0c       0x10 CMakeFiles/hero_arise_adiy_rp2040.dir/D_/pico-sdk/src/rp2_common/pico_printf/printf.c.obj
 .text._etoa    0x10002b1c      0x464 CMakeFiles/hero_arise_adiy_rp2040.dir/D_/pico-sdk/src/rp2_common/pico_printf/printf.c.obj
 .text._ftoa    0x10002f80      0x3c4 CMakeFiles/hero_arise_adiy_rp2040.dir/D_/pico-sdk/src/rp2_common/pico_printf/printf.c.obj
 .text._vsnprintf
                0x10003344      0xc18 CMakeFiles/hero_arise_adiy_rp2040.dir/D_/pico-sdk/src/rp2_common/pico_printf/printf.c.obj
 .text.vfctprintf
                0x10003f5c       0x20 CMakeFiles/hero_arise_adiy_rp2040.dir/D_/pico-sdk/src/rp2_common/pico_printf/printf.c.obj
                0x10003f5c                vfctprintf
 .text.weak_raw_vprintf
                0x10003f7c       0x30 CMakeFiles/hero_arise_adiy_rp2040.dir/D_/pico-sdk/src/rp2_common/pico_printf/printf.c.obj
                0x10003f7c                weak_raw_vprintf
 .text._exit    0x10003fac        0x4 CMakeFiles/hero_arise_adiy_rp2040.dir/D_/pico-sdk/src/rp2_common/pico_clib_interface/newlib_interface.c.obj
                0x10003fac                _exit
 .text._fini    0x10003fb0        0x4 CMakeFiles/hero_arise_adiy_rp2040.dir/D_/pico-sdk/src/rp2_common/pico_clib_interface/newlib_interface.c.obj
                0x10003fb0                _fini
 .text.exit     0x10003fb4        0x8 CMakeFiles/hero_arise_adiy_rp2040.dir/D_/pico-sdk/src/rp2_common/pico_clib_interface/newlib_interface.c.obj
                0x10003fb4                exit
 .text.runtime_init
                0x10003fbc       0x2c CMakeFiles/hero_arise_adiy_rp2040.dir/D_/pico-sdk/src/rp2_common/pico_clib_interface/newlib_interface.c.obj
                0x10003fbc                runtime_init
 .text.stdio_out_chars_no_crlf
                0x10003fe8       0x10 CMakeFiles/hero_arise_adiy_rp2040.dir/D_/pico-sdk/src/rp2_common/pico_stdio/stdio.c.obj
 .text.stdio_out_chars_crlf
                0x10003ff8       0x94 CMakeFiles/hero_arise_adiy_rp2040.dir/D_/pico-sdk/src/rp2_common/pico_stdio/stdio.c.obj
 .text.stdio_buffered_printer
                0x1000408c       0x58 CMakeFiles/hero_arise_adiy_rp2040.dir/D_/pico-sdk/src/rp2_common/pico_stdio/stdio.c.obj
 .text.stdio_put_string
                0x100040e4      0x100 CMakeFiles/hero_arise_adiy_rp2040.dir/D_/pico-sdk/src/rp2_common/pico_stdio/stdio.c.obj
                0x100040e4                stdio_put_string
 .text.stdio_set_driver_enabled
                0x100041e4       0x30 CMakeFiles/hero_arise_adiy_rp2040.dir/D_/pico-sdk/src/rp2_common/pico_stdio/stdio.c.obj
                0x100041e4                stdio_set_driver_enabled
 .text.stdio_init_all
                0x10004214        0x8 CMakeFiles/hero_arise_adiy_rp2040.dir/D_/pico-sdk/src/rp2_common/pico_stdio/stdio.c.obj
                0x10004214                stdio_init_all
 .text.__wrap_putchar
                0x1000421c       0x98 CMakeFiles/hero_arise_adiy_rp2040.dir/D_/pico-sdk/src/rp2_common/pico_stdio/stdio.c.obj
                0x1000421c                __wrap_putchar
                0x1000421c                stdio_putchar
 .text.__wrap_puts
                0x100042b4       0x3c CMakeFiles/hero_arise_adiy_rp2040.dir/D_/pico-sdk/src/rp2_common/pico_stdio/stdio.c.obj
                0x100042b4                stdio_puts
                0x100042b4                __wrap_puts
 .text.__wrap_vprintf
                0x100042f0       0xd4 CMakeFiles/hero_arise_adiy_rp2040.dir/D_/pico-sdk/src/rp2_common/pico_stdio/stdio.c.obj
                0x100042f0                stdio_vprintf
                0x100042f0                __wrap_vprintf
 .text.__wrap_printf
                0x100043c4       0x18 CMakeFiles/hero_arise_adiy_rp2040.dir/D_/pico-sdk/src/rp2_common/pico_stdio/stdio.c.obj
                0x100043c4                __wrap_printf
                0x100043c4                stdio_printf
 .text.stdio_usb_set_chars_available_callback
                0x100043dc       0x14 CMakeFiles/hero_arise_adiy_rp2040.dir/D_/pico-sdk/src/rp2_common/pico_stdio_usb/stdio_usb.c.obj
                0x100043dc                stdio_usb_set_chars_available_callback
 .text.usb_irq  0x100043f0       0x10 CMakeFiles/hero_arise_adiy_rp2040.dir/D_/pico-sdk/src/rp2_common/pico_stdio_usb/stdio_usb.c.obj
 .text.timer_task
                0x10004400       0x64 CMakeFiles/hero_arise_adiy_rp2040.dir/D_/pico-sdk/src/rp2_common/pico_stdio_usb/stdio_usb.c.obj
 .text.stdio_usb_in_chars
                0x10004464       0x90 CMakeFiles/hero_arise_adiy_rp2040.dir/D_/pico-sdk/src/rp2_common/pico_stdio_usb/stdio_usb.c.obj
                0x10004464                stdio_usb_in_chars
 .text.stdio_usb_out_flush
                0x100044f4       0x50 CMakeFiles/hero_arise_adiy_rp2040.dir/D_/pico-sdk/src/rp2_common/pico_stdio_usb/stdio_usb.c.obj
 .text.stdio_usb_out_chars
                0x10004544      0x104 CMakeFiles/hero_arise_adiy_rp2040.dir/D_/pico-sdk/src/rp2_common/pico_stdio_usb/stdio_usb.c.obj
 .text.low_priority_worker_irq
                0x10004648       0xcc CMakeFiles/hero_arise_adiy_rp2040.dir/D_/pico-sdk/src/rp2_common/pico_stdio_usb/stdio_usb.c.obj
 .text.stdio_usb_init
                0x10004714       0xec CMakeFiles/hero_arise_adiy_rp2040.dir/D_/pico-sdk/src/rp2_common/pico_stdio_usb/stdio_usb.c.obj
                0x10004714                stdio_usb_init
 .text.tud_descriptor_device_cb
                0x10004800        0x8 CMakeFiles/hero_arise_adiy_rp2040.dir/D_/pico-sdk/src/rp2_common/pico_stdio_usb/stdio_usb_descriptors.c.obj
                0x10004800                tud_descriptor_device_cb
 .text.tud_descriptor_configuration_cb
                0x10004808        0x8 CMakeFiles/hero_arise_adiy_rp2040.dir/D_/pico-sdk/src/rp2_common/pico_stdio_usb/stdio_usb_descriptors.c.obj
                0x10004808                tud_descriptor_configuration_cb
 .text.tud_descriptor_string_cb
                0x10004810       0x78 CMakeFiles/hero_arise_adiy_rp2040.dir/D_/pico-sdk/src/rp2_common/pico_stdio_usb/stdio_usb_descriptors.c.obj
                0x10004810                tud_descriptor_string_cb
 .text.startup._retrieve_unique_id_on_boot
                0x10004888       0x10 CMakeFiles/hero_arise_adiy_rp2040.dir/D_/pico-sdk/src/rp2_common/pico_unique_id/unique_id.c.obj
 .text.pico_get_unique_board_id_string
                0x10004898      0x1a8 CMakeFiles/hero_arise_adiy_rp2040.dir/D_/pico-sdk/src/rp2_common/pico_unique_id/unique_id.c.obj
                0x10004898                pico_get_unique_board_id_string
 .text.flash_get_unique_id
                0x10004a40       0x44 CMakeFiles/hero_arise_adiy_rp2040.dir/D_/pico-sdk/src/rp2_common/hardware_flash/flash.c.obj
                0x10004a40                flash_get_unique_id
 .text.usb_reset_interface_init
                0x10004a84        0x4 CMakeFiles/hero_arise_adiy_rp2040.dir/D_/pico-sdk/src/rp2_common/pico_usb_reset/usb_reset.c.obj
                0x10004a84                usb_reset_interface_init
 .text.usb_reset_interface_reset
                0x10004a88        0xc CMakeFiles/hero_arise_adiy_rp2040.dir/D_/pico-sdk/src/rp2_common/pico_usb_reset/usb_reset.c.obj
                0x10004a88                usb_reset_interface_reset
 .text.usb_reset_interface_open
                0x10004a94       0x28 CMakeFiles/hero_arise_adiy_rp2040.dir/D_/pico-sdk/src/rp2_common/pico_usb_reset/usb_reset.c.obj
                0x10004a94                usb_reset_interface_open
 .text.usb_reset_interface_xfer_cb
                0x10004abc        0x4 CMakeFiles/hero_arise_adiy_rp2040.dir/D_/pico-sdk/src/rp2_common/pico_usb_reset/usb_reset.c.obj
                0x10004abc                usb_reset_interface_xfer_cb
 .text.usb_reset_interface_control_xfer_cb
                0x10004ac0       0x60 CMakeFiles/hero_arise_adiy_rp2040.dir/D_/pico-sdk/src/rp2_common/pico_usb_reset/usb_reset.c.obj
                0x10004ac0                usb_reset_interface_control_xfer_cb
 .text.tud_descriptor_bos_cb
                0x10004b20        0x8 CMakeFiles/hero_arise_adiy_rp2040.dir/D_/pico-sdk/src/rp2_common/pico_usb_reset/usb_reset.c.obj
                0x10004b20                tud_descriptor_bos_cb
 .text.tud_vendor_control_xfer_cb
                0x10004b28       0x34 CMakeFiles/hero_arise_adiy_rp2040.dir/D_/pico-sdk/src/rp2_common/pico_usb_reset/usb_reset.c.obj
                0x10004b28                tud_vendor_control_xfer_cb
 .text.usbd_app_driver_get_cb
                0x10004b5c        0xc CMakeFiles/hero_arise_adiy_rp2040.dir/D_/pico-sdk/src/rp2_common/pico_usb_reset/usb_reset.c.obj
                0x10004b5c                usbd_app_driver_get_cb
 .text.tud_cdc_line_coding_cb
                0x10004b68       0x2c CMakeFiles/hero_arise_adiy_rp2040.dir/D_/pico-sdk/src/rp2_common/pico_usb_reset/usb_reset.c.obj
                0x10004b68                tud_cdc_line_coding_cb
 .text.dcd_init
                0x10004b94       0x90 CMakeFiles/hero_arise_adiy_rp2040.dir/D_/pico-sdk/lib/tinyusb/src/portable/raspberrypi/rp2040/dcd_rp2040.c.obj
                0x10004b94                dcd_init
 .text.dcd_int_enable
                0x10004c24        0xc CMakeFiles/hero_arise_adiy_rp2040.dir/D_/pico-sdk/lib/tinyusb/src/portable/raspberrypi/rp2040/dcd_rp2040.c.obj
                0x10004c24                dcd_int_enable
 .text.dcd_set_address
                0x10004c30       0x14 CMakeFiles/hero_arise_adiy_rp2040.dir/D_/pico-sdk/lib/tinyusb/src/portable/raspberrypi/rp2040/dcd_rp2040.c.obj
                0x10004c30                dcd_set_address
 .text.dcd_sof_enable
                0x10004c44       0x1c CMakeFiles/hero_arise_adiy_rp2040.dir/D_/pico-sdk/lib/tinyusb/src/portable/raspberrypi/rp2040/dcd_rp2040.c.obj
                0x10004c44                dcd_sof_enable
 .text.dcd_edpt0_status_complete
                0x10004c60       0x1c CMakeFiles/hero_arise_adiy_rp2040.dir/D_/pico-sdk/lib/tinyusb/src/portable/raspberrypi/rp2040/dcd_rp2040.c.obj
                0x10004c60                dcd_edpt0_status_complete
 .text.dcd_edpt_open
                0x10004c7c       0xf8 CMakeFiles/hero_arise_adiy_rp2040.dir/D_/pico-sdk/lib/tinyusb/src/portable/raspberrypi/rp2040/dcd_rp2040.c.obj
                0x10004c7c                dcd_edpt_open
 .text.dcd_edpt_close_all
                0x10004d74        0x8 CMakeFiles/hero_arise_adiy_rp2040.dir/D_/pico-sdk/lib/tinyusb/src/portable/raspberrypi/rp2040/dcd_rp2040.c.obj
                0x10004d74                dcd_edpt_close_all
 .text.dcd_edpt_xfer
                0x10004d7c       0x24 CMakeFiles/hero_arise_adiy_rp2040.dir/D_/pico-sdk/lib/tinyusb/src/portable/raspberrypi/rp2040/dcd_rp2040.c.obj
                0x10004d7c                dcd_edpt_xfer
 .text.dcd_edpt_stall
                0x10004da0       0x34 CMakeFiles/hero_arise_adiy_rp2040.dir/D_/pico-sdk/lib/tinyusb/src/portable/raspberrypi/rp2040/dcd_rp2040.c.obj
                0x10004da0                dcd_edpt_stall
 .text.dcd_edpt_clear_stall
                0x10004dd4       0x30 CMakeFiles/hero_arise_adiy_rp2040.dir/D_/pico-sdk/lib/tinyusb/src/portable/raspberrypi/rp2040/dcd_rp2040.c.obj
                0x10004dd4                dcd_edpt_clear_stall
 .text.rp2040_usb_init
                0x10004e04       0x40 CMakeFiles/hero_arise_adiy_rp2040.dir/D_/pico-sdk/lib/tinyusb/src/portable/raspberrypi/rp2040/rp2040_usb.c.obj
                0x10004e04                rp2040_usb_init
 .text.hw_endpoint_xfer_start
                0x10004e44       0x40 CMakeFiles/hero_arise_adiy_rp2040.dir/D_/pico-sdk/lib/tinyusb/src/portable/raspberrypi/rp2040/rp2040_usb.c.obj
                0x10004e44                hw_endpoint_xfer_start
 .text.tud_event_hook_cb
                0x10004e84        0x4 CMakeFiles/hero_arise_adiy_rp2040.dir/D_/pico-sdk/lib/tinyusb/src/device/usbd.c.obj
                0x10004e84                tud_event_hook_cb
 .text.tud_sof_cb
                0x10004e88        0x4 CMakeFiles/hero_arise_adiy_rp2040.dir/D_/pico-sdk/lib/tinyusb/src/device/usbd.c.obj
                0x10004e88                tud_sof_cb
 .text.tud_descriptor_device_qualifier_cb
                0x10004e8c        0x4 CMakeFiles/hero_arise_adiy_rp2040.dir/D_/pico-sdk/lib/tinyusb/src/device/usbd.c.obj
                0x10004e8c                tud_descriptor_device_qualifier_cb
 .text.tud_descriptor_other_speed_configuration_cb
                0x10004e90        0x4 CMakeFiles/hero_arise_adiy_rp2040.dir/D_/pico-sdk/lib/tinyusb/src/device/usbd.c.obj
                0x10004e90                tud_descriptor_other_speed_configuration_cb
 .text.tud_mount_cb
                0x10004e94        0x4 CMakeFiles/hero_arise_adiy_rp2040.dir/D_/pico-sdk/lib/tinyusb/src/device/usbd.c.obj
                0x10004e94                tud_mount_cb
 .text.tud_umount_cb
                0x10004e98        0x4 CMakeFiles/hero_arise_adiy_rp2040.dir/D_/pico-sdk/lib/tinyusb/src/device/usbd.c.obj
                0x10004e98                tud_umount_cb
 .text.tud_suspend_cb
                0x10004e9c        0x4 CMakeFiles/hero_arise_adiy_rp2040.dir/D_/pico-sdk/lib/tinyusb/src/device/usbd.c.obj
                0x10004e9c                tud_suspend_cb
 .text.tud_resume_cb
                0x10004ea0        0x4 CMakeFiles/hero_arise_adiy_rp2040.dir/D_/pico-sdk/lib/tinyusb/src/device/usbd.c.obj
                0x10004ea0                tud_resume_cb
 .text.tud_mounted
                0x10004ea4       0x10 CMakeFiles/hero_arise_adiy_rp2040.dir/D_/pico-sdk/lib/tinyusb/src/device/usbd.c.obj
                0x10004ea4                tud_mounted
 .text.tud_suspended
                0x10004eb4       0x10 CMakeFiles/hero_arise_adiy_rp2040.dir/D_/pico-sdk/lib/tinyusb/src/device/usbd.c.obj
                0x10004eb4                tud_suspended
 .text.tud_rhport_init
                0x10004ec4       0xf4 CMakeFiles/hero_arise_adiy_rp2040.dir/D_/pico-sdk/lib/tinyusb/src/device/usbd.c.obj
                0x10004ec4                tud_rhport_init
 .text.tud_task_ext
                0x10004fb8      0x7e4 CMakeFiles/hero_arise_adiy_rp2040.dir/D_/pico-sdk/lib/tinyusb/src/device/usbd.c.obj
                0x10004fb8                tud_task_ext
 .text.usbd_open_edpt_pair
                0x1000579c       0x9c CMakeFiles/hero_arise_adiy_rp2040.dir/D_/pico-sdk/lib/tinyusb/src/device/usbd.c.obj
                0x1000579c                usbd_open_edpt_pair
 .text.usbd_edpt_open
                0x10005838       0x34 CMakeFiles/hero_arise_adiy_rp2040.dir/D_/pico-sdk/lib/tinyusb/src/device/usbd.c.obj
                0x10005838                usbd_edpt_open
 .text.usbd_edpt_claim
                0x1000586c       0x28 CMakeFiles/hero_arise_adiy_rp2040.dir/D_/pico-sdk/lib/tinyusb/src/device/usbd.c.obj
                0x1000586c                usbd_edpt_claim
 .text.usbd_edpt_release
                0x10005894       0x28 CMakeFiles/hero_arise_adiy_rp2040.dir/D_/pico-sdk/lib/tinyusb/src/device/usbd.c.obj
                0x10005894                usbd_edpt_release
 .text.usbd_edpt_xfer
                0x100058bc       0x4c CMakeFiles/hero_arise_adiy_rp2040.dir/D_/pico-sdk/lib/tinyusb/src/device/usbd.c.obj
                0x100058bc                usbd_edpt_xfer
 .text.tud_control_status
                0x10005908       0x2c CMakeFiles/hero_arise_adiy_rp2040.dir/D_/pico-sdk/lib/tinyusb/src/device/usbd_control.c.obj
                0x10005908                tud_control_status
 .text.tud_control_xfer
                0x10005934       0xac CMakeFiles/hero_arise_adiy_rp2040.dir/D_/pico-sdk/lib/tinyusb/src/device/usbd_control.c.obj
                0x10005934                tud_control_xfer
 .text.usbd_control_reset
                0x100059e0       0x14 CMakeFiles/hero_arise_adiy_rp2040.dir/D_/pico-sdk/lib/tinyusb/src/device/usbd_control.c.obj
                0x100059e0                usbd_control_reset
 .text.usbd_control_set_complete_callback
                0x100059f4        0xc CMakeFiles/hero_arise_adiy_rp2040.dir/D_/pico-sdk/lib/tinyusb/src/device/usbd_control.c.obj
                0x100059f4                usbd_control_set_complete_callback
 .text.usbd_control_set_request
                0x10005a00       0x1c CMakeFiles/hero_arise_adiy_rp2040.dir/D_/pico-sdk/lib/tinyusb/src/device/usbd_control.c.obj
                0x10005a00                usbd_control_set_request
 .text.usbd_control_xfer_cb
                0x10005a1c       0xec CMakeFiles/hero_arise_adiy_rp2040.dir/D_/pico-sdk/lib/tinyusb/src/device/usbd_control.c.obj
                0x10005a1c                usbd_control_xfer_cb
 .text._prep_out_transaction.isra.0
                0x10005b08       0x6c CMakeFiles/hero_arise_adiy_rp2040.dir/D_/pico-sdk/lib/tinyusb/src/class/cdc/cdc_device.c.obj
 .text.tud_cdc_n_connected
                0x10005b74       0x2c CMakeFiles/hero_arise_adiy_rp2040.dir/D_/pico-sdk/lib/tinyusb/src/class/cdc/cdc_device.c.obj
                0x10005b74                tud_cdc_n_connected
 .text.tud_cdc_n_available
                0x10005ba0       0x14 CMakeFiles/hero_arise_adiy_rp2040.dir/D_/pico-sdk/lib/tinyusb/src/class/cdc/cdc_device.c.obj
                0x10005ba0                tud_cdc_n_available
 .text.tud_cdc_n_read
                0x10005bb4       0x94 CMakeFiles/hero_arise_adiy_rp2040.dir/D_/pico-sdk/lib/tinyusb/src/class/cdc/cdc_device.c.obj
                0x10005bb4                tud_cdc_n_read
 .text.tud_cdc_n_write_flush
                0x10005c48       0x74 CMakeFiles/hero_arise_adiy_rp2040.dir/D_/pico-sdk/lib/tinyusb/src/class/cdc/cdc_device.c.obj
                0x10005c48                tud_cdc_n_write_flush
 .text.tud_cdc_n_write
                0x10005cbc       0x40 CMakeFiles/hero_arise_adiy_rp2040.dir/D_/pico-sdk/lib/tinyusb/src/class/cdc/cdc_device.c.obj
                0x10005cbc                tud_cdc_n_write
 .text.tud_cdc_n_write_available
                0x10005cfc       0x14 CMakeFiles/hero_arise_adiy_rp2040.dir/D_/pico-sdk/lib/tinyusb/src/class/cdc/cdc_device.c.obj
                0x10005cfc                tud_cdc_n_write_available
 .text.cdcd_init
                0x10005d10       0x70 CMakeFiles/hero_arise_adiy_rp2040.dir/D_/pico-sdk/lib/tinyusb/src/class/cdc/cdc_device.c.obj
                0x10005d10                cdcd_init
 .text.cdcd_deinit
                0x10005d80       0x30 CMakeFiles/hero_arise_adiy_rp2040.dir/D_/pico-sdk/lib/tinyusb/src/class/cdc/cdc_device.c.obj
                0x10005d80                cdcd_deinit
 .text.cdcd_reset
                0x10005db0       0x4c CMakeFiles/hero_arise_adiy_rp2040.dir/D_/pico-sdk/lib/tinyusb/src/class/cdc/cdc_device.c.obj
                0x10005db0                cdcd_reset
 .text.cdcd_open
                0x10005dfc       0xa8 CMakeFiles/hero_arise_adiy_rp2040.dir/D_/pico-sdk/lib/tinyusb/src/class/cdc/cdc_device.c.obj
                0x10005dfc                cdcd_open
 .text.cdcd_control_xfer_cb
                0x10005ea4       0xe8 CMakeFiles/hero_arise_adiy_rp2040.dir/D_/pico-sdk/lib/tinyusb/src/class/cdc/cdc_device.c.obj
                0x10005ea4                cdcd_control_xfer_cb
 .text.cdcd_xfer_cb
                0x10005f8c      0x100 CMakeFiles/hero_arise_adiy_rp2040.dir/D_/pico-sdk/lib/tinyusb/src/class/cdc/cdc_device.c.obj
                0x10005f8c                cdcd_xfer_cb
 .text.tusb_rhport_init
                0x1000608c       0x48 CMakeFiles/hero_arise_adiy_rp2040.dir/D_/pico-sdk/lib/tinyusb/src/tusb.c.obj
                0x1000608c                tusb_rhport_init
 .text.tu_edpt_claim
                0x100060d4       0x50 CMakeFiles/hero_arise_adiy_rp2040.dir/D_/pico-sdk/lib/tinyusb/src/tusb.c.obj
                0x100060d4                tu_edpt_claim
 .text.tu_edpt_release
                0x10006124       0x38 CMakeFiles/hero_arise_adiy_rp2040.dir/D_/pico-sdk/lib/tinyusb/src/tusb.c.obj
                0x10006124                tu_edpt_release
 .text.tu_edpt_validate
                0x1000615c       0x7c CMakeFiles/hero_arise_adiy_rp2040.dir/D_/pico-sdk/lib/tinyusb/src/tusb.c.obj
                0x1000615c                tu_edpt_validate
 .text.tu_edpt_bind_driver
                0x100061d8       0x34 CMakeFiles/hero_arise_adiy_rp2040.dir/D_/pico-sdk/lib/tinyusb/src/tusb.c.obj
                0x100061d8                tu_edpt_bind_driver
 .text.tu_fifo_config
                0x1000620c       0x6c CMakeFiles/hero_arise_adiy_rp2040.dir/D_/pico-sdk/lib/tinyusb/src/common/tusb_fifo.c.obj
                0x1000620c                tu_fifo_config
 .text.tu_fifo_count
                0x10006278       0x2c CMakeFiles/hero_arise_adiy_rp2040.dir/D_/pico-sdk/lib/tinyusb/src/common/tusb_fifo.c.obj
                0x10006278                tu_fifo_count
 .text.tu_fifo_empty
                0x100062a4       0x10 CMakeFiles/hero_arise_adiy_rp2040.dir/D_/pico-sdk/lib/tinyusb/src/common/tusb_fifo.c.obj
                0x100062a4                tu_fifo_empty
 .text.tu_fifo_remaining
                0x100062b4       0x2c CMakeFiles/hero_arise_adiy_rp2040.dir/D_/pico-sdk/lib/tinyusb/src/common/tusb_fifo.c.obj
                0x100062b4                tu_fifo_remaining
 .text.tu_fifo_read
                0x100062e0       0x9c CMakeFiles/hero_arise_adiy_rp2040.dir/D_/pico-sdk/lib/tinyusb/src/common/tusb_fifo.c.obj
                0x100062e0                tu_fifo_read
 .text.tu_fifo_read_n
                0x1000637c       0xe8 CMakeFiles/hero_arise_adiy_rp2040.dir/D_/pico-sdk/lib/tinyusb/src/common/tusb_fifo.c.obj
                0x1000637c                tu_fifo_read_n
 .text.tu_fifo_write
                0x10006464       0x88 CMakeFiles/hero_arise_adiy_rp2040.dir/D_/pico-sdk/lib/tinyusb/src/common/tusb_fifo.c.obj
                0x10006464                tu_fifo_write
 .text.tu_fifo_write_n
                0x100064ec      0x178 CMakeFiles/hero_arise_adiy_rp2040.dir/D_/pico-sdk/lib/tinyusb/src/common/tusb_fifo.c.obj
                0x100064ec                tu_fifo_write_n
 .text.tu_fifo_clear
                0x10006664       0x40 CMakeFiles/hero_arise_adiy_rp2040.dir/D_/pico-sdk/lib/tinyusb/src/common/tusb_fifo.c.obj
                0x10006664                tu_fifo_clear
 .text.tu_fifo_set_overwritable
                0x100066a4       0x48 CMakeFiles/hero_arise_adiy_rp2040.dir/D_/pico-sdk/lib/tinyusb/src/common/tusb_fifo.c.obj
                0x100066a4                tu_fifo_set_overwritable
 .text.strlen   0x100066ec       0x5c c:/program files (x86)/arm gnu toolchain arm-none-eabi/12.2 mpacbti-rel1/bin/../lib/gcc/arm-none-eabi/12.2.1/thumb/v6-m/nofp\libg.a(libc_a-strlen-stub.o)
                0x100066ec                strlen
 .text.strlen.__stub
                0x10006748       0xc0 linker stubs
 *(.fini)
 *crtbegin.o(.ctors)
 *crtbegin?.o(.ctors)
 *(EXCLUDE_FILE(*crtend.o *crtend?.o) .ctors)
 *(SORT_BY_NAME(.ctors.*))
 *(.ctors)
 *crtbegin.o(.dtors)
 *crtbegin?.o(.dtors)
 *(EXCLUDE_FILE(*crtend.o *crtend?.o) .dtors)
 *(SORT_BY_NAME(.dtors.*))
 *(.dtors)
                0x10006808                        . = ALIGN (0x4)
                [!provide]                        PROVIDE (__bothinit_array_start = .)
                0x10006808                        PROVIDE (__preinit_array_start = .)
 *(SORT_BY_NAME(.preinit_array.*))
 .preinit_array.00100
                0x10006808        0x4 CMakeFiles/hero_arise_adiy_rp2040.dir/D_/pico-sdk/src/rp2_common/pico_runtime_init/runtime_init.c.obj
                0x10006808                __pre_init_runtime_init_early_resets
 .preinit_array.00101
                0x1000680c        0x4 CMakeFiles/hero_arise_adiy_rp2040.dir/D_/pico-sdk/src/rp2_common/pico_runtime_init/runtime_init.c.obj
                0x1000680c                __pre_init_runtime_init_usb_power_down
 .preinit_array.00275
                0x10006810        0x4 CMakeFiles/hero_arise_adiy_rp2040.dir/D_/pico-sdk/src/rp2_common/pico_bit_ops/bit_ops_aeabi.S.obj
 .preinit_array.00300
                0x10006814        0x4 CMakeFiles/hero_arise_adiy_rp2040.dir/D_/pico-sdk/src/rp2_common/pico_mem_ops/mem_ops_aeabi.S.obj
 .preinit_array.00350
                0x10006818        0x4 CMakeFiles/hero_arise_adiy_rp2040.dir/D_/pico-sdk/src/rp2_common/pico_double/double_aeabi_rp2040.S.obj
 .preinit_array.00350
                0x1000681c        0x4 CMakeFiles/hero_arise_adiy_rp2040.dir/D_/pico-sdk/src/rp2_common/pico_float/float_aeabi_rp2040.S.obj
 .preinit_array.00500
                0x10006820        0x4 CMakeFiles/hero_arise_adiy_rp2040.dir/D_/pico-sdk/src/rp2_common/pico_runtime_init/runtime_init.c.obj
                0x10006820                __pre_init_runtime_init_clocks
 .preinit_array.00600
                0x10006824        0x4 CMakeFiles/hero_arise_adiy_rp2040.dir/D_/pico-sdk/src/rp2_common/pico_runtime_init/runtime_init.c.obj
                0x10006824                __pre_init_runtime_init_post_clock_resets
 .preinit_array.00700
                0x10006828        0x4 CMakeFiles/hero_arise_adiy_rp2040.dir/D_/pico-sdk/src/rp2_common/pico_runtime_init/runtime_init.c.obj
                0x10006828                __pre_init_runtime_init_rp2040_gpio_ie_disable
 .preinit_array.01000
                0x1000682c        0x4 CMakeFiles/hero_arise_adiy_rp2040.dir/D_/pico-sdk/src/rp2_common/pico_runtime_init/runtime_init.c.obj
                0x1000682c                __pre_init_runtime_init_spin_locks_reset
 .preinit_array.01100
                0x10006830        0x4 CMakeFiles/hero_arise_adiy_rp2040.dir/D_/pico-sdk/src/common/pico_sync/mutex.c.obj
                0x10006830                __pre_init_runtime_init_mutex
 .preinit_array.10080
                0x10006834        0x4 CMakeFiles/hero_arise_adiy_rp2040.dir/D_/pico-sdk/src/rp2_common/pico_runtime_init/runtime_init.c.obj
                0x10006834                __pre_init_runtime_init_install_ram_vector_table
 .preinit_array.11000
                0x10006838        0x4 CMakeFiles/hero_arise_adiy_rp2040.dir/D_/pico-sdk/src/common/pico_time/time.c.obj
                0x10006838                __pre_init_runtime_init_default_alarm_pool
 .preinit_array.YYYYY
                0x1000683c        0x4 CMakeFiles/hero_arise_adiy_rp2040.dir/D_/pico-sdk/src/rp2_common/pico_runtime/runtime.c.obj
                0x1000683c                __pre_init_first_per_core_initializer
 .preinit_array.ZZZZZ.01200
                0x10006840        0x4 CMakeFiles/hero_arise_adiy_rp2040.dir/D_/pico-sdk/src/rp2_common/hardware_irq/irq.c.obj
                0x10006840                __pre_init_runtime_init_per_core_irq_priorities
 *(.preinit_array)
                0x10006844                        PROVIDE (__preinit_array_end = .)
                0x10006844                        . = ALIGN (0x4)
                0x10006844                        PROVIDE (__init_array_start = .)
 *(SORT_BY_NAME(.init_array.*))
 .init_array.01000
                0x10006844        0x4 CMakeFiles/hero_arise_adiy_rp2040.dir/D_/pico-sdk/src/rp2_common/pico_unique_id/unique_id.c.obj
 *(.init_array)
 .init_array    0x10006848        0x4 CMakeFiles/hero_arise_adiy_rp2040.dir/src/main.cpp.obj
                0x1000684c                        PROVIDE (__init_array_end = .)
                [!provide]                        PROVIDE (__bothinit_array_end = .)
                0x1000684c                        . = ALIGN (0x4)
                [!provide]                        PROVIDE (__fini_array_start = .)
 *(SORT_BY_NAME(.fini_array.*))
 *(.fini_array)
                [!provide]                        PROVIDE (__fini_array_end = .)
                [!provide]                        PROVIDE (__dso_handle = 0x0)
 *(.eh_frame*)
                0x1000684c                        . = ALIGN (0x4)

.glue_7         0x1000684c        0x0
 .glue_7        0x1000684c        0x0 linker stubs

.glue_7t        0x1000684c        0x0
 .glue_7t       0x1000684c        0x0 linker stubs

.vfp11_veneer   0x1000684c        0x0
 .vfp11_veneer  0x1000684c        0x0 linker stubs

.v4_bx          0x1000684c        0x0
 .v4_bx         0x1000684c        0x0 linker stubs

.iplt           0x1000684c        0x0
 .iplt          0x1000684c        0x0 CMakeFiles/hero_arise_adiy_rp2040.dir/src/main.cpp.obj

.rodata         0x10006850      0x820
 *(EXCLUDE_FILE(*libm.a: *lib*_a-mem*.o *libc.a: *libgcc.a:) .rodata*)
 .rodata._Z14loop_test_modev.str1.4
                0x10006850       0x34 CMakeFiles/hero_arise_adiy_rp2040.dir/src/main.cpp.obj
 .rodata.main.str1.4
                0x10006884       0x6d CMakeFiles/hero_arise_adiy_rp2040.dir/src/main.cpp.obj
 *fill*         0x100068f1        0x3 
 .rodata._ZN14DecisionEngine17processPredictionEifmb.str1.4
                0x100068f4      0x17d CMakeFiles/hero_arise_adiy_rp2040.dir/src/decision.cpp.obj
 *fill*         0x10006a71        0x3 
 .rodata.panic.str1.4
                0x10006a74       0x10 CMakeFiles/hero_arise_adiy_rp2040.dir/D_/pico-sdk/src/rp2_common/pico_platform_panic/panic.c.obj
                                 0x11 (size before relaxing)
 .rodata.spin_lock_claim_unused.str1.4
                0x10006a84       0x1b CMakeFiles/hero_arise_adiy_rp2040.dir/D_/pico-sdk/src/rp2_common/hardware_sync/sync.c.obj
 *fill*         0x10006a9f        0x1 
 .rodata.user_irq_claim_unused.str1.4
                0x10006aa0       0x1b CMakeFiles/hero_arise_adiy_rp2040.dir/D_/pico-sdk/src/rp2_common/hardware_irq/irq.c.obj
 *fill*         0x10006abb        0x1 
 .rodata.timer_hardware_alarm_claim.str1.4
                0x10006abc       0x22 CMakeFiles/hero_arise_adiy_rp2040.dir/D_/pico-sdk/src/rp2_common/hardware_timer/timer.c.obj
 *fill*         0x10006ade        0x2 
 .rodata.hard_assertion_failure.str1.4
                0x10006ae0        0xc CMakeFiles/hero_arise_adiy_rp2040.dir/D_/pico-sdk/src/rp2_common/pico_runtime/runtime.c.obj
 .rodata.str1.4
                0x10006aec       0x4c CMakeFiles/hero_arise_adiy_rp2040.dir/D_/pico-sdk/src/rp2_common/pico_standard_binary_info/standard_binary_info.c.obj
 .rodata.__bi_84
                0x10006b38        0xc CMakeFiles/hero_arise_adiy_rp2040.dir/D_/pico-sdk/src/rp2_common/pico_standard_binary_info/standard_binary_info.c.obj
 .rodata.__bi_78
                0x10006b44        0xc CMakeFiles/hero_arise_adiy_rp2040.dir/D_/pico-sdk/src/rp2_common/pico_standard_binary_info/standard_binary_info.c.obj
 .rodata.__bi_54
                0x10006b50        0xc CMakeFiles/hero_arise_adiy_rp2040.dir/D_/pico-sdk/src/rp2_common/pico_standard_binary_info/standard_binary_info.c.obj
 .rodata.__bi_48
                0x10006b5c        0xc CMakeFiles/hero_arise_adiy_rp2040.dir/D_/pico-sdk/src/rp2_common/pico_standard_binary_info/standard_binary_info.c.obj
 .rodata.__bi_42
                0x10006b68        0xc CMakeFiles/hero_arise_adiy_rp2040.dir/D_/pico-sdk/src/rp2_common/pico_standard_binary_info/standard_binary_info.c.obj
 .rodata.__bi_34
                0x10006b74        0xc CMakeFiles/hero_arise_adiy_rp2040.dir/D_/pico-sdk/src/rp2_common/pico_standard_binary_info/standard_binary_info.c.obj
 .rodata.__bi_26
                0x10006b80        0xc CMakeFiles/hero_arise_adiy_rp2040.dir/D_/pico-sdk/src/rp2_common/pico_standard_binary_info/standard_binary_info.c.obj
 .rodata._ftoa.str1.4
                0x10006b8c       0x15 CMakeFiles/hero_arise_adiy_rp2040.dir/D_/pico-sdk/src/rp2_common/pico_printf/printf.c.obj
 *fill*         0x10006ba1        0x3 
 .rodata._vsnprintf
                0x10006ba4      0x19c CMakeFiles/hero_arise_adiy_rp2040.dir/D_/pico-sdk/src/rp2_common/pico_printf/printf.c.obj
 .rodata.pow10.0
                0x10006d40       0x50 CMakeFiles/hero_arise_adiy_rp2040.dir/D_/pico-sdk/src/rp2_common/pico_printf/printf.c.obj
 .rodata.crlf_str.0
                0x10006d90        0x2 CMakeFiles/hero_arise_adiy_rp2040.dir/D_/pico-sdk/src/rp2_common/pico_stdio/stdio.c.obj
 *fill*         0x10006d92        0x2 
 .rodata.str1.4
                0x10006d94       0x13 CMakeFiles/hero_arise_adiy_rp2040.dir/D_/pico-sdk/src/rp2_common/pico_stdio_usb/stdio_usb.c.obj
 *fill*         0x10006da7        0x1 
 .rodata.__bi_204.0
                0x10006da8        0xc CMakeFiles/hero_arise_adiy_rp2040.dir/D_/pico-sdk/src/rp2_common/pico_stdio_usb/stdio_usb.c.obj
 .rodata.str1.4
                0x10006db4       0x2a CMakeFiles/hero_arise_adiy_rp2040.dir/D_/pico-sdk/src/rp2_common/pico_stdio_usb/stdio_usb_descriptors.c.obj
 *fill*         0x10006dde        0x2 
 .rodata.usbd_desc_str
                0x10006de0       0x18 CMakeFiles/hero_arise_adiy_rp2040.dir/D_/pico-sdk/src/rp2_common/pico_stdio_usb/stdio_usb_descriptors.c.obj
 .rodata.usbd_desc_cfg
                0x10006df8       0x54 CMakeFiles/hero_arise_adiy_rp2040.dir/D_/pico-sdk/src/rp2_common/pico_stdio_usb/stdio_usb_descriptors.c.obj
 .rodata.usbd_desc_device
                0x10006e4c       0x12 CMakeFiles/hero_arise_adiy_rp2040.dir/D_/pico-sdk/src/rp2_common/pico_stdio_usb/stdio_usb_descriptors.c.obj
 *fill*         0x10006e5e        0x2 
 .rodata.desc_ms_os_20
                0x10006e60       0xa6 CMakeFiles/hero_arise_adiy_rp2040.dir/D_/pico-sdk/src/rp2_common/pico_usb_reset/usb_reset.c.obj
 *fill*         0x10006f06        0x2 
 .rodata.desc_bos
                0x10006f08       0x21 CMakeFiles/hero_arise_adiy_rp2040.dir/D_/pico-sdk/src/rp2_common/pico_usb_reset/usb_reset.c.obj
                0x10006f08                desc_bos
 *fill*         0x10006f29        0x3 
 .rodata.usb_reset_interface_driver
                0x10006f2c       0x20 CMakeFiles/hero_arise_adiy_rp2040.dir/D_/pico-sdk/src/rp2_common/pico_usb_reset/usb_reset.c.obj
 .rodata.str1.4
                0x10006f4c       0x14 CMakeFiles/hero_arise_adiy_rp2040.dir/D_/pico-sdk/lib/tinyusb/src/portable/raspberrypi/rp2040/dcd_rp2040.c.obj
 .rodata.str1.4
                0x10006f60       0x48 CMakeFiles/hero_arise_adiy_rp2040.dir/D_/pico-sdk/lib/tinyusb/src/portable/raspberrypi/rp2040/rp2040_usb.c.obj
 .rodata.tud_task_ext
                0x10006fa8       0x8c CMakeFiles/hero_arise_adiy_rp2040.dir/D_/pico-sdk/lib/tinyusb/src/device/usbd.c.obj
 .rodata        0x10007034       0x1c CMakeFiles/hero_arise_adiy_rp2040.dir/D_/pico-sdk/lib/tinyusb/src/device/usbd.c.obj
 .rodata._usbd_driver
                0x10007050       0x20 CMakeFiles/hero_arise_adiy_rp2040.dir/D_/pico-sdk/lib/tinyusb/src/device/usbd.c.obj
 *(.srodata*)
                0x10007070                        . = ALIGN (0x4)
 *(SORT_BY_ALIGNMENT(SORT_BY_NAME(.flashdata*)))
                0x10007070                        . = ALIGN (0x4)

.ARM.extab
 *(.ARM.extab* .gnu.linkonce.armextab.*)
                0x10007070                        __exidx_start = .

.ARM.exidx
 *(.ARM.exidx* .gnu.linkonce.armexidx.*)
                0x10007070                        __exidx_end = .
                0x10007070                        . = ALIGN (0x4)
                0x10007070                        __binary_info_start = .

.binary_info    0x10007070       0x20
 *(.binary_info.keep.*)
 .binary_info.keep.__bi_ptr84
                0x10007070        0x4 CMakeFiles/hero_arise_adiy_rp2040.dir/D_/pico-sdk/src/rp2_common/pico_standard_binary_info/standard_binary_info.c.obj
 .binary_info.keep.__bi_ptr78
                0x10007074        0x4 CMakeFiles/hero_arise_adiy_rp2040.dir/D_/pico-sdk/src/rp2_common/pico_standard_binary_info/standard_binary_info.c.obj
 .binary_info.keep.__bi_ptr54
                0x10007078        0x4 CMakeFiles/hero_arise_adiy_rp2040.dir/D_/pico-sdk/src/rp2_common/pico_standard_binary_info/standard_binary_info.c.obj
 .binary_info.keep.__bi_ptr48
                0x1000707c        0x4 CMakeFiles/hero_arise_adiy_rp2040.dir/D_/pico-sdk/src/rp2_common/pico_standard_binary_info/standard_binary_info.c.obj
 .binary_info.keep.__bi_ptr42
                0x10007080        0x4 CMakeFiles/hero_arise_adiy_rp2040.dir/D_/pico-sdk/src/rp2_common/pico_standard_binary_info/standard_binary_info.c.obj
 .binary_info.keep.__bi_ptr34
                0x10007084        0x4 CMakeFiles/hero_arise_adiy_rp2040.dir/D_/pico-sdk/src/rp2_common/pico_standard_binary_info/standard_binary_info.c.obj
 .binary_info.keep.__bi_ptr26
                0x10007088        0x4 CMakeFiles/hero_arise_adiy_rp2040.dir/D_/pico-sdk/src/rp2_common/pico_standard_binary_info/standard_binary_info.c.obj
 *(.binary_info.*)
 .binary_info.__bi_ptr204
                0x1000708c        0x4 CMakeFiles/hero_arise_adiy_rp2040.dir/D_/pico-sdk/src/rp2_common/pico_stdio_usb/stdio_usb.c.obj
                0x10007090                        __binary_info_end = .
                0x10007090                        . = ALIGN (0x4)

.xip_ram        0x15000000        0x0 load address 0x10007090
                0x15000000                        __xip_ram_start__ = .
                0x15000000                        . = ALIGN (0x4)
 *(.xip_ram*)
                0x15000000                        . = ALIGN (0x4)
                0x15000000                        __xip_ram_end__ = .
                0x10007090                        __xip_ram_source__ = LOADADDR (.xip_ram)

.ram_vector_table
                0x20000000       0xc0
 *(.ram_vector_table)
 .ram_vector_table
                0x20000000       0xc0 CMakeFiles/hero_arise_adiy_rp2040.dir/D_/pico-sdk/src/rp2_common/pico_runtime_init/runtime_init.c.obj
                0x20000000                ram_vector_table

.uninitialized_data
                0x200000c0        0x0
                0x200000c0                        . = ALIGN (0x4)
 *(.uninitialized_data*)

.data           0x200000c0      0xf80 load address 0x10007090
                0x200000c0                        __data_start__ = .
 *(vtable)
 *(.time_critical*)
 .time_critical.mutex_try_enter
                0x200000c0       0x40 CMakeFiles/hero_arise_adiy_rp2040.dir/D_/pico-sdk/src/common/pico_sync/mutex.c.obj
                0x200000c0                mutex_try_enter
 .time_critical.mutex_enter_block_until
                0x20000100       0x74 CMakeFiles/hero_arise_adiy_rp2040.dir/D_/pico-sdk/src/common/pico_sync/mutex.c.obj
                0x20000100                mutex_enter_block_until
 .time_critical.mutex_try_enter_block_until
                0x20000174       0x34 CMakeFiles/hero_arise_adiy_rp2040.dir/D_/pico-sdk/src/common/pico_sync/mutex.c.obj
                0x20000174                mutex_try_enter_block_until
 .time_critical.mutex_enter_timeout_ms
                0x200001a8       0x40 CMakeFiles/hero_arise_adiy_rp2040.dir/D_/pico-sdk/src/common/pico_sync/mutex.c.obj
                0x200001a8                mutex_enter_timeout_ms
 .time_critical.mutex_exit
                0x200001e8       0x28 CMakeFiles/hero_arise_adiy_rp2040.dir/D_/pico-sdk/src/common/pico_sync/mutex.c.obj
                0x200001e8                mutex_exit
 .time_critical.flash_init_boot2_copyout
                0x20000210       0x30 CMakeFiles/hero_arise_adiy_rp2040.dir/D_/pico-sdk/src/rp2_common/hardware_flash/flash.c.obj
 .time_critical.flash_enable_xip_via_boot2
                0x20000240        0xc CMakeFiles/hero_arise_adiy_rp2040.dir/D_/pico-sdk/src/rp2_common/hardware_flash/flash.c.obj
 .time_critical.flash_save_hardware_state
                0x2000024c       0x28 CMakeFiles/hero_arise_adiy_rp2040.dir/D_/pico-sdk/src/rp2_common/hardware_flash/flash.c.obj
 .time_critical.flash_restore_hardware_state
                0x20000274       0x28 CMakeFiles/hero_arise_adiy_rp2040.dir/D_/pico-sdk/src/rp2_common/hardware_flash/flash.c.obj
 .time_critical.flash_do_cmd_cs
                0x2000029c       0xf4 CMakeFiles/hero_arise_adiy_rp2040.dir/D_/pico-sdk/src/rp2_common/hardware_flash/flash.c.obj
                0x2000029c                flash_do_cmd_cs
 .time_critical.reset_non_control_endpoints
                0x20000390       0x68 CMakeFiles/hero_arise_adiy_rp2040.dir/D_/pico-sdk/lib/tinyusb/src/portable/raspberrypi/rp2040/dcd_rp2040.c.obj
 .time_critical.hw_handle_buff_status
                0x200003f8       0x98 CMakeFiles/hero_arise_adiy_rp2040.dir/D_/pico-sdk/lib/tinyusb/src/portable/raspberrypi/rp2040/dcd_rp2040.c.obj
 .time_critical.dcd_rp2040_irq
                0x20000490      0x550 CMakeFiles/hero_arise_adiy_rp2040.dir/D_/pico-sdk/lib/tinyusb/src/portable/raspberrypi/rp2040/dcd_rp2040.c.obj
 .time_critical.prepare_ep_buffer
                0x200009e0       0xe0 CMakeFiles/hero_arise_adiy_rp2040.dir/D_/pico-sdk/lib/tinyusb/src/portable/raspberrypi/rp2040/rp2040_usb.c.obj
 .time_critical.sync_ep_buffer
                0x20000ac0       0xa8 CMakeFiles/hero_arise_adiy_rp2040.dir/D_/pico-sdk/lib/tinyusb/src/portable/raspberrypi/rp2040/rp2040_usb.c.obj
 .time_critical._hw_endpoint_xfer_sync
                0x20000b68       0x28 CMakeFiles/hero_arise_adiy_rp2040.dir/D_/pico-sdk/lib/tinyusb/src/portable/raspberrypi/rp2040/rp2040_usb.c.obj
 .time_critical.e15_is_bulkin_ep
                0x20000b90       0x28 CMakeFiles/hero_arise_adiy_rp2040.dir/D_/pico-sdk/lib/tinyusb/src/portable/raspberrypi/rp2040/rp2040_usb.c.obj
 .time_critical.e15_is_critical_frame_period
                0x20000bb8       0x34 CMakeFiles/hero_arise_adiy_rp2040.dir/D_/pico-sdk/lib/tinyusb/src/portable/raspberrypi/rp2040/rp2040_usb.c.obj
 .time_critical.hw_endpoint_reset_transfer
                0x20000bec        0xc CMakeFiles/hero_arise_adiy_rp2040.dir/D_/pico-sdk/lib/tinyusb/src/portable/raspberrypi/rp2040/rp2040_usb.c.obj
                0x20000bec                hw_endpoint_reset_transfer
 .time_critical._hw_endpoint_buffer_control_update32
                0x20000bf8       0x50 CMakeFiles/hero_arise_adiy_rp2040.dir/D_/pico-sdk/lib/tinyusb/src/portable/raspberrypi/rp2040/rp2040_usb.c.obj
                0x20000bf8                _hw_endpoint_buffer_control_update32
 .time_critical.hw_endpoint_start_next_buffer
                0x20000c48       0x6c CMakeFiles/hero_arise_adiy_rp2040.dir/D_/pico-sdk/lib/tinyusb/src/portable/raspberrypi/rp2040/rp2040_usb.c.obj
                0x20000c48                hw_endpoint_start_next_buffer
 .time_critical.hw_endpoint_xfer_continue
                0x20000cb4       0x40 CMakeFiles/hero_arise_adiy_rp2040.dir/D_/pico-sdk/lib/tinyusb/src/portable/raspberrypi/rp2040/rp2040_usb.c.obj
                0x20000cb4                hw_endpoint_xfer_continue
 .time_critical.tinyusb
                0x20000cf4      0x1e0 CMakeFiles/hero_arise_adiy_rp2040.dir/D_/pico-sdk/lib/tinyusb/src/device/usbd.c.obj
                0x20000cf4                dcd_event_handler
 *(.text*)
 .text          0x20000ed4        0x4 c:/program files (x86)/arm gnu toolchain arm-none-eabi/12.2 mpacbti-rel1/bin/../lib/gcc/arm-none-eabi/12.2.1/thumb/v6-m/nofp\libgcc.a(_dvmd_tls.o)
                0x20000ed4                __aeabi_idiv0
                0x20000ed4                __aeabi_ldiv0
 .text.__stub   0x20000ed8       0x80 linker stubs
                0x20000f58                        . = ALIGN (0x4)
 *(.rodata*)
                0x20000f58                        . = ALIGN (0x4)
                0x20000f58                        PROVIDE (__emutls_array_start = .)
 *(.*.__emutls_v.*)
                0x20000f58                        PROVIDE (__emutls_array_end = .)
                0x20000f58                        . = ALIGN (0x4)
 *(.data*)
 .data.striped_spin_lock_num
                0x20000f58        0x1 CMakeFiles/hero_arise_adiy_rp2040.dir/D_/pico-sdk/src/rp2_common/hardware_sync/sync.c.obj
 *fill*         0x20000f59        0x3 
 .data          0x20000f5c       0x60 CMakeFiles/hero_arise_adiy_rp2040.dir/D_/pico-sdk/src/rp2_common/hardware_irq/irq_handler_chain.S.obj
                0x20000f5c                irq_handler_chain_slots
                0x20000fa4                irq_handler_chain_first_slot
                0x20000fae                irq_handler_chain_remove_tail
 *fill*         0x20000fbc        0x4 
 .data.last_added.0
                0x20000fc0        0x8 CMakeFiles/hero_arise_adiy_rp2040.dir/D_/pico-sdk/src/common/pico_time/time.c.obj
 .data.default_alarm_pool
                0x20000fc8       0x18 CMakeFiles/hero_arise_adiy_rp2040.dir/D_/pico-sdk/src/common/pico_time/time.c.obj
 .data.aeabi_bits_funcs
                0x20000fe0       0x10 CMakeFiles/hero_arise_adiy_rp2040.dir/D_/pico-sdk/src/rp2_common/pico_bit_ops/bit_ops_aeabi.S.obj
                0x20000fe0                aeabi_bits_funcs
                0x20000ff0                aeabi_bits_funcs_end
 .data.aeabi_mem_funcs
                0x20000ff0       0x10 CMakeFiles/hero_arise_adiy_rp2040.dir/D_/pico-sdk/src/rp2_common/pico_mem_ops/mem_ops_aeabi.S.obj
                0x20000ff0                aeabi_mem_funcs
                0x20001000                aeabi_mem_funcs_end
 .data.stdio_usb
                0x20001000       0x18 CMakeFiles/hero_arise_adiy_rp2040.dir/D_/pico-sdk/src/rp2_common/pico_stdio_usb/stdio_usb.c.obj
                0x20001000                stdio_usb
 .data._usbd_qdef
                0x20001018       0x1c CMakeFiles/hero_arise_adiy_rp2040.dir/D_/pico-sdk/lib/tinyusb/src/device/usbd.c.obj
                0x20001018                _usbd_qdef
 .data._usbd_rhport
                0x20001034        0x1 CMakeFiles/hero_arise_adiy_rp2040.dir/D_/pico-sdk/lib/tinyusb/src/device/usbd.c.obj
 *(.sdata*)
                0x20001038                        . = ALIGN (0x4)
 *fill*         0x20001035        0x3 
 *(.after_data.*)
                0x20001038                        . = ALIGN (0x4)
                0x20001038                        PROVIDE (__mutex_array_start = .)
 *(SORT_BY_NAME(.mutex_array.*))
 *(.mutex_array)
 .mutex_array   0x20001038        0x8 CMakeFiles/hero_arise_adiy_rp2040.dir/D_/pico-sdk/src/rp2_common/pico_stdio/stdio.c.obj
                0x20001040                        PROVIDE (__mutex_array_end = .)
 *(.jcr)
                0x20001040                        . = ALIGN (0x4)

.igot.plt       0x20001040        0x0 load address 0x10008010
 .igot.plt      0x20001040        0x0 CMakeFiles/hero_arise_adiy_rp2040.dir/src/main.cpp.obj

.tdata          0x20001040        0x0 load address 0x10008010
                0x20001040                        . = ALIGN (0x4)
 *(.tdata .tdata.* .gnu.linkonce.td.*)
                0x20001040                        __tdata_end = .
                0x20001040                        PROVIDE (__data_end__ = .)
                0x10007090                        __etext = LOADADDR (.data)
                0x20001040                        . = ALIGN (0x4)

.tbss           0x20001040        0x0 load address 0x10008010
                0x20001040                        __bss_start__ = .
                0x20001040                        __tls_base = .
 *(.tbss .tbss.* .gnu.linkonce.tb.*)
 *(.tcommon)
                0x20001040                        . = ALIGN (0x4)
                0x20001040                        __tls_end = .

.tbss_space     0x20001040        0x0 load address 0x10008010
                0x20001040                        . = (__bss_start__ + SIZEOF (.tbss))

.bss            0x20001040      0xc24 load address 0x10008010
                0x20001040                        . = ALIGN (0x4)
                0x20001040                        __tbss_end = .
 *(SORT_BY_ALIGNMENT(SORT_BY_NAME(.bss*)))
 .bss.default_alarm_pool_entries
                0x20001040      0x180 CMakeFiles/hero_arise_adiy_rp2040.dir/D_/pico-sdk/src/common/pico_time/time.c.obj
 .bss.last_avail_time.1
                0x200011c0        0x8 CMakeFiles/hero_arise_adiy_rp2040.dir/D_/pico-sdk/src/rp2_common/pico_stdio_usb/stdio_usb.c.obj
 .bss.sd_table  0x200011c8      0x100 CMakeFiles/hero_arise_adiy_rp2040.dir/D_/pico-sdk/src/rp2_common/pico_double/double_init_rom_rp2040.c.obj
                0x200011c8                sd_table
 .bss.sf_table  0x200012c8      0x100 CMakeFiles/hero_arise_adiy_rp2040.dir/D_/pico-sdk/src/rp2_common/pico_float/float_init_rom_rp2040.c.obj
                0x200012c8                sf_table
 .bss._ZL14decisionEngine
                0x200013c8        0xc CMakeFiles/hero_arise_adiy_rp2040.dir/src/main.cpp.obj
 .bss._app_driver
                0x200013d4        0x4 CMakeFiles/hero_arise_adiy_rp2040.dir/D_/pico-sdk/lib/tinyusb/src/device/usbd.c.obj
 .bss._cdcd_epbuf
                0x200013d8       0x80 CMakeFiles/hero_arise_adiy_rp2040.dir/D_/pico-sdk/lib/tinyusb/src/class/cdc/cdc_device.c.obj
 .bss._cdcd_fifo_cfg
                0x20001458        0x1 CMakeFiles/hero_arise_adiy_rp2040.dir/D_/pico-sdk/lib/tinyusb/src/class/cdc/cdc_device.c.obj
 *fill*         0x20001459        0x3 
 .bss._cdcd_itf
                0x2000145c       0xc8 CMakeFiles/hero_arise_adiy_rp2040.dir/D_/pico-sdk/lib/tinyusb/src/class/cdc/cdc_device.c.obj
 .bss._ctrl_epbuf
                0x20001524       0x40 CMakeFiles/hero_arise_adiy_rp2040.dir/D_/pico-sdk/lib/tinyusb/src/device/usbd_control.c.obj
 .bss._ctrl_xfer
                0x20001564       0x14 CMakeFiles/hero_arise_adiy_rp2040.dir/D_/pico-sdk/lib/tinyusb/src/device/usbd_control.c.obj
 .bss._tusb_rhport_role
                0x20001578        0x2 CMakeFiles/hero_arise_adiy_rp2040.dir/D_/pico-sdk/lib/tinyusb/src/tusb.c.obj
                0x20001578                _tusb_rhport_role
 *fill*         0x2000157a        0x2 
 .bss._ubsd_mutexdef
                0x2000157c        0x8 CMakeFiles/hero_arise_adiy_rp2040.dir/D_/pico-sdk/lib/tinyusb/src/device/usbd.c.obj
 .bss._usbd_dev
                0x20001584       0x54 CMakeFiles/hero_arise_adiy_rp2040.dir/D_/pico-sdk/lib/tinyusb/src/device/usbd.c.obj
 .bss._usbd_mutex
                0x200015d8        0x4 CMakeFiles/hero_arise_adiy_rp2040.dir/D_/pico-sdk/lib/tinyusb/src/device/usbd.c.obj
 .bss._usbd_q   0x200015dc        0x4 CMakeFiles/hero_arise_adiy_rp2040.dir/D_/pico-sdk/lib/tinyusb/src/device/usbd.c.obj
 .bss._usbd_qdef_buf
                0x200015e0       0xc0 CMakeFiles/hero_arise_adiy_rp2040.dir/D_/pico-sdk/lib/tinyusb/src/device/usbd.c.obj
                0x200015e0                _usbd_qdef_buf
 .bss.boot2_copyout
                0x200016a0      0x100 CMakeFiles/hero_arise_adiy_rp2040.dir/D_/pico-sdk/src/rp2_common/hardware_flash/flash.c.obj
 .bss.chars_available_callback
                0x200017a0        0x4 CMakeFiles/hero_arise_adiy_rp2040.dir/D_/pico-sdk/src/rp2_common/pico_stdio_usb/stdio_usb.c.obj
 .bss.chars_available_param
                0x200017a4        0x4 CMakeFiles/hero_arise_adiy_rp2040.dir/D_/pico-sdk/src/rp2_common/pico_stdio_usb/stdio_usb.c.obj
 .bss.claimed   0x200017a8        0x4 CMakeFiles/hero_arise_adiy_rp2040.dir/D_/pico-sdk/src/rp2_common/hardware_sync/sync.c.obj
 .bss.claimed   0x200017ac        0x1 CMakeFiles/hero_arise_adiy_rp2040.dir/D_/pico-sdk/src/rp2_common/hardware_timer/timer.c.obj
 *fill*         0x200017ad        0x3 
 .bss.configured_freq
                0x200017b0       0x28 CMakeFiles/hero_arise_adiy_rp2040.dir/D_/pico-sdk/src/rp2_common/hardware_clocks/clocks.c.obj
 .bss.desc_str.0
                0x200017d8       0x28 CMakeFiles/hero_arise_adiy_rp2040.dir/D_/pico-sdk/src/rp2_common/pico_stdio_usb/stdio_usb_descriptors.c.obj
 .bss.drivers   0x20001800        0x4 CMakeFiles/hero_arise_adiy_rp2040.dir/D_/pico-sdk/src/rp2_common/pico_stdio/stdio.c.obj
 .bss.e15_last_sof
                0x20001804        0x4 CMakeFiles/hero_arise_adiy_rp2040.dir/D_/pico-sdk/lib/tinyusb/src/portable/raspberrypi/rp2040/rp2040_usb.c.obj
                0x20001804                e15_last_sof
 .bss.filter    0x20001808        0x4 CMakeFiles/hero_arise_adiy_rp2040.dir/D_/pico-sdk/src/rp2_common/pico_stdio/stdio.c.obj
 .bss.hw_endpoints
                0x2000180c      0x400 CMakeFiles/hero_arise_adiy_rp2040.dir/D_/pico-sdk/lib/tinyusb/src/portable/raspberrypi/rp2040/dcd_rp2040.c.obj
 .bss.lazy_vsnprintf
                0x20001c0c        0x4 CMakeFiles/hero_arise_adiy_rp2040.dir/D_/pico-sdk/src/rp2_common/pico_printf/printf.c.obj
 .bss.load_value
                0x20001c10        0x4 CMakeFiles/hero_arise_adiy_rp2040.dir/D_/pico-sdk/src/rp2_common/hardware_watchdog/watchdog.c.obj
 .bss.next_buffer_ptr
                0x20001c14        0x4 CMakeFiles/hero_arise_adiy_rp2040.dir/D_/pico-sdk/lib/tinyusb/src/portable/raspberrypi/rp2040/dcd_rp2040.c.obj
 .bss.one_shot_timer_crit_sec
                0x20001c18        0x8 CMakeFiles/hero_arise_adiy_rp2040.dir/D_/pico-sdk/src/rp2_common/pico_stdio_usb/stdio_usb.c.obj
 .bss.pools     0x20001c20       0x10 CMakeFiles/hero_arise_adiy_rp2040.dir/D_/pico-sdk/src/common/pico_time/time.c.obj
 .bss.retrieved_id
                0x20001c30        0x8 CMakeFiles/hero_arise_adiy_rp2040.dir/D_/pico-sdk/src/rp2_common/pico_unique_id/unique_id.c.obj
 .bss.sf_clz_func
                0x20001c38        0x4 CMakeFiles/hero_arise_adiy_rp2040.dir/D_/pico-sdk/src/rp2_common/pico_double/double_init_rom_rp2040.c.obj
                0x20001c38                sf_clz_func
 .bss.sleep_notifier
                0x20001c3c        0x4 CMakeFiles/hero_arise_adiy_rp2040.dir/D_/pico-sdk/src/common/pico_time/time.c.obj
 .bss.stdio_usb_mutex
                0x20001c40        0x8 CMakeFiles/hero_arise_adiy_rp2040.dir/D_/pico-sdk/src/rp2_common/pico_stdio_usb/stdio_usb.c.obj
 .bss.usbd_serial_str
                0x20001c48       0x11 CMakeFiles/hero_arise_adiy_rp2040.dir/D_/pico-sdk/src/rp2_common/pico_stdio_usb/stdio_usb_descriptors.c.obj
 .bss._app_driver_count
                0x20001c59        0x1 CMakeFiles/hero_arise_adiy_rp2040.dir/D_/pico-sdk/lib/tinyusb/src/device/usbd.c.obj
 .bss._sof_enable
                0x20001c5a        0x1 CMakeFiles/hero_arise_adiy_rp2040.dir/D_/pico-sdk/lib/tinyusb/src/portable/raspberrypi/rp2040/dcd_rp2040.c.obj
 .bss._usbd_queued_setup
                0x20001c5b        0x1 CMakeFiles/hero_arise_adiy_rp2040.dir/D_/pico-sdk/lib/tinyusb/src/device/usbd.c.obj
 .bss.boot2_copyout_valid
                0x20001c5c        0x1 CMakeFiles/hero_arise_adiy_rp2040.dir/D_/pico-sdk/src/rp2_common/hardware_flash/flash.c.obj
 .bss.irq_handler_chain_free_slot_head